[2019-06-18T20:18:27.308+0500][gc,heap] Heap region size: 1M
[2019-06-18T20:18:27.318+0500][gc     ] Using G1
[2019-06-18T20:18:27.321+0500][gc,heap,coops] Heap address: 0x00000007c0000000, size: 1024 MB, Compressed Oops mode: Zero based, Oop shift amount: 3
[2019-06-18T20:18:27.321+0500][gc,cds       ] Mark closed archive regions in map: [0x00000007fff00000, 0x00000007fff6fff8]
[2019-06-18T20:18:27.322+0500][gc,cds       ] Mark open archive regions in map: [0x00000007ffe00000, 0x00000007ffe45ff8]
[2019-06-18T20:18:27.338+0500][gc           ] Periodic GC disabled
[2019-06-18T20:18:40.136+0500][gc,heap,exit ] Heap
[2019-06-18T20:18:40.136+0500][gc,heap,exit ]  garbage-first heap   total 1048576K, used 41688K [0x00000007c0000000, 0x0000000800000000)
[2019-06-18T20:18:40.136+0500][gc,heap,exit ]   region size 1024K, 41 young (41984K), 0 survivors (0K)
[2019-06-18T20:18:40.136+0500][gc,heap,exit ]  Metaspace       used 13785K, capacity 14207K, committed 14464K, reserved 1060864K
[2019-06-18T20:18:40.136+0500][gc,heap,exit ]   class space    used 1919K, capacity 2114K, committed 2176K, reserved 1048576K
