[2019-06-17T15:43:26.965+0500][gc,heap] Heap region size: 1M
[2019-06-17T15:43:26.973+0500][gc     ] Using G1
[2019-06-17T15:43:26.973+0500][gc,heap,coops] Heap address: 0x00000007c0000000, size: 1024 MB, Compressed Oops mode: Zero based, Oop shift amount: 3
[2019-06-17T15:43:26.974+0500][gc,cds       ] Mark closed archive regions in map: [0x00000007fff00000, 0x00000007fff6fff8]
[2019-06-17T15:43:26.974+0500][gc,cds       ] Mark open archive regions in map: [0x00000007ffe00000, 0x00000007ffe45ff8]
[2019-06-17T15:43:26.988+0500][gc           ] Periodic GC disabled
[2019-06-17T15:43:35.481+0500][gc,start     ] GC(0) Pause Young (Normal) (G1 Evacuation Pause)
[2019-06-17T15:43:35.481+0500][gc,task      ] GC(0) Using 10 workers of 10 for evacuation
[2019-06-17T15:43:35.489+0500][gc,phases    ] GC(0)   Pre Evacuate Collection Set: 0.1ms
[2019-06-17T15:43:35.489+0500][gc,phases    ] GC(0)   Evacuate Collection Set: 7.6ms
[2019-06-17T15:43:35.489+0500][gc,phases    ] GC(0)   Post Evacuate Collection Set: 0.3ms
[2019-06-17T15:43:35.489+0500][gc,phases    ] GC(0)   Other: 0.6ms
[2019-06-17T15:43:35.489+0500][gc,heap      ] GC(0) Eden regions: 51->0(45)
[2019-06-17T15:43:35.489+0500][gc,heap      ] GC(0) Survivor regions: 0->6(7)
[2019-06-17T15:43:35.489+0500][gc,heap      ] GC(0) Old regions: 0->0
[2019-06-17T15:43:35.489+0500][gc,heap      ] GC(0) Archive regions: 2->2
[2019-06-17T15:43:35.489+0500][gc,heap      ] GC(0) Humongous regions: 0->0
[2019-06-17T15:43:35.489+0500][gc,metaspace ] GC(0) Metaspace: 16854K->16854K(1064960K)
[2019-06-17T15:43:35.490+0500][gc           ] GC(0) Pause Young (Normal) (G1 Evacuation Pause) 51M->6M(1024M) 8.729ms
[2019-06-17T15:43:35.490+0500][gc,cpu       ] GC(0) User=0.03s Sys=0.01s Real=0.01s
[2019-06-17T15:43:35.733+0500][gc,start     ] GC(1) Pause Young (Concurrent Start) (Metadata GC Threshold)
[2019-06-17T15:43:35.733+0500][gc,task      ] GC(1) Using 10 workers of 10 for evacuation
[2019-06-17T15:43:35.740+0500][gc,phases    ] GC(1)   Pre Evacuate Collection Set: 0.0ms
[2019-06-17T15:43:35.740+0500][gc,phases    ] GC(1)   Evacuate Collection Set: 6.0ms
[2019-06-17T15:43:35.740+0500][gc,phases    ] GC(1)   Post Evacuate Collection Set: 0.2ms
[2019-06-17T15:43:35.740+0500][gc,phases    ] GC(1)   Other: 0.2ms
[2019-06-17T15:43:35.740+0500][gc,heap      ] GC(1) Eden regions: 14->0(50)
[2019-06-17T15:43:35.740+0500][gc,heap      ] GC(1) Survivor regions: 6->1(7)
[2019-06-17T15:43:35.740+0500][gc,heap      ] GC(1) Old regions: 0->6
[2019-06-17T15:43:35.740+0500][gc,heap      ] GC(1) Archive regions: 2->2
[2019-06-17T15:43:35.740+0500][gc,heap      ] GC(1) Humongous regions: 0->0
[2019-06-17T15:43:35.740+0500][gc,metaspace ] GC(1) Metaspace: 20490K->20490K(1067008K)
[2019-06-17T15:43:35.740+0500][gc           ] GC(1) Pause Young (Concurrent Start) (Metadata GC Threshold) 20M->7M(1024M) 6.666ms
[2019-06-17T15:43:35.740+0500][gc,cpu       ] GC(1) User=0.03s Sys=0.00s Real=0.01s
[2019-06-17T15:43:35.740+0500][gc           ] GC(2) Concurrent Cycle
[2019-06-17T15:43:35.740+0500][gc,marking   ] GC(2) Concurrent Clear Claimed Marks
[2019-06-17T15:43:35.740+0500][gc,marking   ] GC(2) Concurrent Clear Claimed Marks 0.027ms
[2019-06-17T15:43:35.740+0500][gc,marking   ] GC(2) Concurrent Scan Root Regions
[2019-06-17T15:43:35.742+0500][gc,marking   ] GC(2) Concurrent Scan Root Regions 1.790ms
[2019-06-17T15:43:35.742+0500][gc,marking   ] GC(2) Concurrent Mark (8.785s)
[2019-06-17T15:43:35.742+0500][gc,marking   ] GC(2) Concurrent Mark From Roots
[2019-06-17T15:43:35.742+0500][gc,task      ] GC(2) Using 3 workers of 3 for marking
[2019-06-17T15:43:35.743+0500][gc,marking   ] GC(2) Concurrent Mark From Roots 1.134ms
[2019-06-17T15:43:35.743+0500][gc,marking   ] GC(2) Concurrent Preclean
[2019-06-17T15:43:35.743+0500][gc,marking   ] GC(2) Concurrent Preclean 0.040ms
[2019-06-17T15:43:35.743+0500][gc,marking   ] GC(2) Concurrent Mark (8.785s, 8.786s) 1.234ms
[2019-06-17T15:43:35.743+0500][gc,start     ] GC(2) Pause Remark
[2019-06-17T15:43:35.744+0500][gc,stringtable] GC(2) Cleaned string table, strings: 4665 processed, 0 removed
[2019-06-17T15:43:35.744+0500][gc            ] GC(2) Pause Remark 8M->8M(1024M) 0.793ms
[2019-06-17T15:43:35.744+0500][gc,cpu        ] GC(2) User=0.01s Sys=0.00s Real=0.00s
[2019-06-17T15:43:35.744+0500][gc,marking    ] GC(2) Concurrent Rebuild Remembered Sets
[2019-06-17T15:43:35.746+0500][gc,marking    ] GC(2) Concurrent Rebuild Remembered Sets 1.603ms
[2019-06-17T15:43:35.746+0500][gc,start      ] GC(2) Pause Cleanup
[2019-06-17T15:43:35.746+0500][gc            ] GC(2) Pause Cleanup 8M->8M(1024M) 0.210ms
[2019-06-17T15:43:35.746+0500][gc,cpu        ] GC(2) User=0.00s Sys=0.00s Real=0.00s
[2019-06-17T15:43:35.746+0500][gc,marking    ] GC(2) Concurrent Cleanup for Next Mark
[2019-06-17T15:43:35.752+0500][gc,marking    ] GC(2) Concurrent Cleanup for Next Mark 5.895ms
[2019-06-17T15:43:35.752+0500][gc            ] GC(2) Concurrent Cycle 12.558ms
[2019-06-17T15:43:59.703+0500][gc,start      ] GC(3) Pause Young (Normal) (G1 Evacuation Pause)
[2019-06-17T15:43:59.703+0500][gc,task       ] GC(3) Using 10 workers of 10 for evacuation
[2019-06-17T15:43:59.708+0500][gc,phases     ] GC(3)   Pre Evacuate Collection Set: 0.0ms
[2019-06-17T15:43:59.708+0500][gc,phases     ] GC(3)   Evacuate Collection Set: 4.3ms
[2019-06-17T15:43:59.708+0500][gc,phases     ] GC(3)   Post Evacuate Collection Set: 0.4ms
[2019-06-17T15:43:59.708+0500][gc,phases     ] GC(3)   Other: 0.3ms
[2019-06-17T15:43:59.708+0500][gc,heap       ] GC(3) Eden regions: 50->0(46)
[2019-06-17T15:43:59.708+0500][gc,heap       ] GC(3) Survivor regions: 1->5(7)
[2019-06-17T15:43:59.708+0500][gc,heap       ] GC(3) Old regions: 6->6
[2019-06-17T15:43:59.708+0500][gc,heap       ] GC(3) Archive regions: 2->2
[2019-06-17T15:43:59.708+0500][gc,heap       ] GC(3) Humongous regions: 129->129
[2019-06-17T15:43:59.708+0500][gc,metaspace  ] GC(3) Metaspace: 30069K->30069K(1077248K)
[2019-06-17T15:43:59.708+0500][gc            ] GC(3) Pause Young (Normal) (G1 Evacuation Pause) 186M->140M(1024M) 5.141ms
[2019-06-17T15:43:59.708+0500][gc,cpu        ] GC(3) User=0.04s Sys=0.00s Real=0.00s
[2019-06-17T16:02:53.386+0500][gc,start      ] GC(4) Pause Young (Normal) (G1 Evacuation Pause)
[2019-06-17T16:02:53.387+0500][gc,task       ] GC(4) Using 10 workers of 10 for evacuation
[2019-06-17T16:02:53.394+0500][gc,phases     ] GC(4)   Pre Evacuate Collection Set: 0.0ms
[2019-06-17T16:02:53.394+0500][gc,phases     ] GC(4)   Evacuate Collection Set: 5.4ms
[2019-06-17T16:02:53.394+0500][gc,phases     ] GC(4)   Post Evacuate Collection Set: 0.4ms
[2019-06-17T16:02:53.394+0500][gc,phases     ] GC(4)   Other: 1.3ms
[2019-06-17T16:02:53.394+0500][gc,heap       ] GC(4) Eden regions: 46->0(48)
[2019-06-17T16:02:53.394+0500][gc,heap       ] GC(4) Survivor regions: 5->3(7)
[2019-06-17T16:02:53.394+0500][gc,heap       ] GC(4) Old regions: 6->11
[2019-06-17T16:02:53.394+0500][gc,heap       ] GC(4) Archive regions: 2->2
[2019-06-17T16:02:53.394+0500][gc,heap       ] GC(4) Humongous regions: 129->129
[2019-06-17T16:02:53.394+0500][gc,metaspace  ] GC(4) Metaspace: 32926K->32926K(1079296K)
[2019-06-17T16:02:53.394+0500][gc            ] GC(4) Pause Young (Normal) (G1 Evacuation Pause) 186M->142M(1024M) 7.350ms
[2019-06-17T16:02:53.394+0500][gc,cpu        ] GC(4) User=0.05s Sys=0.01s Real=0.01s
[2019-06-17T16:39:51.859+0500][gc,start      ] GC(5) Pause Young (Normal) (G1 Evacuation Pause)
[2019-06-17T16:39:51.860+0500][gc,task       ] GC(5) Using 10 workers of 10 for evacuation
[2019-06-17T16:39:51.864+0500][gc,phases     ] GC(5)   Pre Evacuate Collection Set: 0.0ms
[2019-06-17T16:39:51.864+0500][gc,phases     ] GC(5)   Evacuate Collection Set: 3.1ms
[2019-06-17T16:39:51.864+0500][gc,phases     ] GC(5)   Post Evacuate Collection Set: 0.5ms
[2019-06-17T16:39:51.864+0500][gc,phases     ] GC(5)   Other: 1.4ms
[2019-06-17T16:39:51.864+0500][gc,heap       ] GC(5) Eden regions: 48->0(48)
[2019-06-17T16:39:51.864+0500][gc,heap       ] GC(5) Survivor regions: 3->3(7)
[2019-06-17T16:39:51.864+0500][gc,heap       ] GC(5) Old regions: 11->11
[2019-06-17T16:39:51.864+0500][gc,heap       ] GC(5) Archive regions: 2->2
[2019-06-17T16:39:51.864+0500][gc,heap       ] GC(5) Humongous regions: 129->129
[2019-06-17T16:39:51.864+0500][gc,metaspace  ] GC(5) Metaspace: 33129K->33129K(1079296K)
[2019-06-17T16:39:51.864+0500][gc            ] GC(5) Pause Young (Normal) (G1 Evacuation Pause) 190M->143M(1024M) 5.272ms
[2019-06-17T16:39:51.864+0500][gc,cpu        ] GC(5) User=0.03s Sys=0.00s Real=0.01s
[2019-06-17T22:24:58.318+0500][gc,start      ] GC(6) Pause Young (Normal) (G1 Evacuation Pause)
[2019-06-17T22:24:58.319+0500][gc,task       ] GC(6) Using 10 workers of 10 for evacuation
[2019-06-17T22:24:58.338+0500][gc,phases     ] GC(6)   Pre Evacuate Collection Set: 1.1ms
[2019-06-17T22:24:58.339+0500][gc,phases     ] GC(6)   Evacuate Collection Set: 17.1ms
[2019-06-17T22:24:58.339+0500][gc,phases     ] GC(6)   Post Evacuate Collection Set: 0.5ms
[2019-06-17T22:24:58.339+0500][gc,phases     ] GC(6)   Other: 3.1ms
[2019-06-17T22:24:58.339+0500][gc,heap       ] GC(6) Eden regions: 48->0(47)
[2019-06-17T22:24:58.339+0500][gc,heap       ] GC(6) Survivor regions: 3->4(7)
[2019-06-17T22:24:58.339+0500][gc,heap       ] GC(6) Old regions: 11->11
[2019-06-17T22:24:58.339+0500][gc,heap       ] GC(6) Archive regions: 2->2
[2019-06-17T22:24:58.339+0500][gc,heap       ] GC(6) Humongous regions: 129->129
[2019-06-17T22:24:58.339+0500][gc,metaspace  ] GC(6) Metaspace: 33548K->33548K(1079296K)
[2019-06-17T22:24:58.339+0500][gc            ] GC(6) Pause Young (Normal) (G1 Evacuation Pause) 191M->143M(1024M) 21.855ms
[2019-06-17T22:24:58.339+0500][gc,cpu        ] GC(6) User=0.03s Sys=0.06s Real=0.02s
[2019-06-17T23:00:15.324+0500][gc,start      ] GC(7) Pause Young (Concurrent Start) (Metadata GC Threshold)
[2019-06-17T23:00:15.325+0500][gc,task       ] GC(7) Using 10 workers of 10 for evacuation
[2019-06-17T23:00:15.331+0500][gc,phases     ] GC(7)   Pre Evacuate Collection Set: 0.6ms
[2019-06-17T23:00:15.331+0500][gc,phases     ] GC(7)   Evacuate Collection Set: 4.1ms
[2019-06-17T23:00:15.331+0500][gc,phases     ] GC(7)   Post Evacuate Collection Set: 0.5ms
[2019-06-17T23:00:15.331+0500][gc,phases     ] GC(7)   Other: 1.7ms
[2019-06-17T23:00:15.331+0500][gc,heap       ] GC(7) Eden regions: 35->0(47)
[2019-06-17T23:00:15.331+0500][gc,heap       ] GC(7) Survivor regions: 4->4(7)
[2019-06-17T23:00:15.331+0500][gc,heap       ] GC(7) Old regions: 11->11
[2019-06-17T23:00:15.331+0500][gc,heap       ] GC(7) Archive regions: 2->2
[2019-06-17T23:00:15.331+0500][gc,heap       ] GC(7) Humongous regions: 129->129
[2019-06-17T23:00:15.331+0500][gc,metaspace  ] GC(7) Metaspace: 33735K->33735K(1079296K)
[2019-06-17T23:00:15.331+0500][gc            ] GC(7) Pause Young (Concurrent Start) (Metadata GC Threshold) 177M->143M(1024M) 6.977ms
[2019-06-17T23:00:15.331+0500][gc,cpu        ] GC(7) User=0.03s Sys=0.00s Real=0.01s
[2019-06-17T23:00:15.331+0500][gc            ] GC(8) Concurrent Cycle
[2019-06-17T23:00:15.331+0500][gc,marking    ] GC(8) Concurrent Clear Claimed Marks
[2019-06-17T23:00:15.331+0500][gc,marking    ] GC(8) Concurrent Clear Claimed Marks 0.131ms
[2019-06-17T23:00:15.331+0500][gc,marking    ] GC(8) Concurrent Scan Root Regions
[2019-06-17T23:00:15.332+0500][gc,marking    ] GC(8) Concurrent Scan Root Regions 1.449ms
[2019-06-17T23:00:15.333+0500][gc,marking    ] GC(8) Concurrent Mark (8408.111s)
[2019-06-17T23:00:15.333+0500][gc,marking    ] GC(8) Concurrent Mark From Roots
[2019-06-17T23:00:15.333+0500][gc,task       ] GC(8) Using 3 workers of 3 for marking
[2019-06-17T23:00:15.343+0500][gc,marking    ] GC(8) Concurrent Mark From Roots 10.478ms
[2019-06-17T23:00:15.343+0500][gc,marking    ] GC(8) Concurrent Preclean
[2019-06-17T23:00:15.343+0500][gc,marking    ] GC(8) Concurrent Preclean 0.165ms
[2019-06-17T23:00:15.343+0500][gc,marking    ] GC(8) Concurrent Mark (8408.111s, 8408.122s) 10.723ms
[2019-06-17T23:00:15.343+0500][gc,start      ] GC(8) Pause Remark
[2019-06-17T23:00:15.367+0500][gc,stringtable] GC(8) Cleaned string table, strings: 8455 processed, 806 removed
[2019-06-17T23:00:15.367+0500][gc,mmu        ] GC(8) MMU target violated: 21.0ms (20.0ms/21.0ms)
[2019-06-17T23:00:15.367+0500][gc            ] GC(8) Pause Remark 143M->143M(1024M) 24.001ms
[2019-06-17T23:00:15.367+0500][gc,cpu        ] GC(8) User=0.03s Sys=0.08s Real=0.02s
[2019-06-17T23:00:15.368+0500][gc,marking    ] GC(8) Concurrent Rebuild Remembered Sets
[2019-06-17T23:00:15.371+0500][gc,marking    ] GC(8) Concurrent Rebuild Remembered Sets 3.524ms
[2019-06-17T23:00:15.372+0500][gc,start      ] GC(8) Pause Cleanup
[2019-06-17T23:00:15.372+0500][gc            ] GC(8) Pause Cleanup 143M->143M(1024M) 0.188ms
[2019-06-17T23:00:15.372+0500][gc,cpu        ] GC(8) User=0.00s Sys=0.00s Real=0.00s
[2019-06-17T23:00:15.372+0500][gc,marking    ] GC(8) Concurrent Cleanup for Next Mark
[2019-06-17T23:00:15.377+0500][gc,marking    ] GC(8) Concurrent Cleanup for Next Mark 4.704ms
[2019-06-17T23:00:15.377+0500][gc            ] GC(8) Concurrent Cycle 45.811ms
[2019-06-17T23:11:18.889+0500][gc,heap,exit  ] Heap
[2019-06-17T23:11:18.889+0500][gc,heap,exit  ]  garbage-first heap   total 1048576K, used 170303K [0x00000007c0000000, 0x0000000800000000)
[2019-06-17T23:11:18.889+0500][gc,heap,exit  ]   region size 1024K, 29 young (29696K), 4 survivors (4096K)
[2019-06-17T23:11:18.889+0500][gc,heap,exit  ]  Metaspace       used 34341K, capacity 36505K, committed 36656K, reserved 1079296K
[2019-06-17T23:11:18.889+0500][gc,heap,exit  ]   class space    used 4894K, capacity 5906K, committed 6016K, reserved 1048576K
