[2019-06-18T20:18:45.321+0500][gc,heap] Heap region size: 1M
[2019-06-18T20:18:45.331+0500][gc     ] Using G1
[2019-06-18T20:18:45.331+0500][gc,heap,coops] Heap address: 0x00000007c0000000, size: 1024 MB, Compressed Oops mode: Zero based, Oop shift amount: 3
[2019-06-18T20:18:45.331+0500][gc,cds       ] Mark closed archive regions in map: [0x00000007fff00000, 0x00000007fff6fff8]
[2019-06-18T20:18:45.331+0500][gc,cds       ] Mark open archive regions in map: [0x00000007ffe00000, 0x00000007ffe45ff8]
[2019-06-18T20:18:45.347+0500][gc           ] Periodic GC disabled
[2019-06-18T20:18:51.515+0500][gc,start     ] GC(0) Pause Young (Normal) (G1 Evacuation Pause)
[2019-06-18T20:18:51.516+0500][gc,task      ] GC(0) Using 10 workers of 10 for evacuation
[2019-06-18T20:18:51.524+0500][gc,phases    ] GC(0)   Pre Evacuate Collection Set: 0.1ms
[2019-06-18T20:18:51.524+0500][gc,phases    ] GC(0)   Evacuate Collection Set: 7.6ms
[2019-06-18T20:18:51.524+0500][gc,phases    ] GC(0)   Post Evacuate Collection Set: 0.3ms
[2019-06-18T20:18:51.524+0500][gc,phases    ] GC(0)   Other: 0.6ms
[2019-06-18T20:18:51.524+0500][gc,heap      ] GC(0) Eden regions: 51->0(45)
[2019-06-18T20:18:51.524+0500][gc,heap      ] GC(0) Survivor regions: 0->6(7)
[2019-06-18T20:18:51.524+0500][gc,heap      ] GC(0) Old regions: 0->0
[2019-06-18T20:18:51.524+0500][gc,heap      ] GC(0) Archive regions: 2->2
[2019-06-18T20:18:51.524+0500][gc,heap      ] GC(0) Humongous regions: 0->0
[2019-06-18T20:18:51.524+0500][gc,metaspace ] GC(0) Metaspace: 16819K->16819K(1064960K)
[2019-06-18T20:18:51.524+0500][gc           ] GC(0) Pause Young (Normal) (G1 Evacuation Pause) 51M->6M(1024M) 8.754ms
[2019-06-18T20:18:51.524+0500][gc,cpu       ] GC(0) User=0.04s Sys=0.01s Real=0.01s
[2019-06-18T20:18:54.675+0500][gc,heap,exit ] Heap
[2019-06-18T20:18:54.675+0500][gc,heap,exit ]  garbage-first heap   total 1048576K, used 16935K [0x00000007c0000000, 0x0000000800000000)
[2019-06-18T20:18:54.675+0500][gc,heap,exit ]   region size 1024K, 17 young (17408K), 6 survivors (6144K)
[2019-06-18T20:18:54.675+0500][gc,heap,exit ]  Metaspace       used 19428K, capacity 20041K, committed 20096K, reserved 1067008K
[2019-06-18T20:18:54.675+0500][gc,heap,exit ]   class space    used 2707K, capacity 2940K, committed 2944K, reserved 1048576K
