[2019-06-18T20:23:25.656+0500][gc,heap] Heap region size: 1M
[2019-06-18T20:23:25.665+0500][gc     ] Using G1
[2019-06-18T20:23:25.665+0500][gc,heap,coops] Heap address: 0x00000007c0000000, size: 1024 MB, Compressed Oops mode: Zero based, Oop shift amount: 3
[2019-06-18T20:23:25.666+0500][gc,cds       ] Mark closed archive regions in map: [0x00000007fff00000, 0x00000007fff6fff8]
[2019-06-18T20:23:25.666+0500][gc,cds       ] Mark open archive regions in map: [0x00000007ffe00000, 0x00000007ffe45ff8]
[2019-06-18T20:23:25.682+0500][gc           ] Periodic GC disabled
[2019-06-18T20:23:34.139+0500][gc,start     ] GC(0) Pause Young (Normal) (G1 Evacuation Pause)
[2019-06-18T20:23:34.139+0500][gc,task      ] GC(0) Using 10 workers of 10 for evacuation
[2019-06-18T20:23:34.147+0500][gc,phases    ] GC(0)   Pre Evacuate Collection Set: 0.0ms
[2019-06-18T20:23:34.147+0500][gc,phases    ] GC(0)   Evacuate Collection Set: 7.7ms
[2019-06-18T20:23:34.147+0500][gc,phases    ] GC(0)   Post Evacuate Collection Set: 0.3ms
[2019-06-18T20:23:34.147+0500][gc,phases    ] GC(0)   Other: 0.6ms
[2019-06-18T20:23:34.147+0500][gc,heap      ] GC(0) Eden regions: 51->0(45)
[2019-06-18T20:23:34.147+0500][gc,heap      ] GC(0) Survivor regions: 0->6(7)
[2019-06-18T20:23:34.147+0500][gc,heap      ] GC(0) Old regions: 0->0
[2019-06-18T20:23:34.148+0500][gc,heap      ] GC(0) Archive regions: 2->2
[2019-06-18T20:23:34.148+0500][gc,heap      ] GC(0) Humongous regions: 0->0
[2019-06-18T20:23:34.148+0500][gc,metaspace ] GC(0) Metaspace: 16836K->16836K(1064960K)
[2019-06-18T20:23:34.148+0500][gc           ] GC(0) Pause Young (Normal) (G1 Evacuation Pause) 51M->6M(1024M) 8.839ms
[2019-06-18T20:23:34.148+0500][gc,cpu       ] GC(0) User=0.03s Sys=0.01s Real=0.01s
[2019-06-18T20:23:34.390+0500][gc,start     ] GC(1) Pause Young (Concurrent Start) (Metadata GC Threshold)
[2019-06-18T20:23:34.390+0500][gc,task      ] GC(1) Using 10 workers of 10 for evacuation
[2019-06-18T20:23:34.397+0500][gc,phases    ] GC(1)   Pre Evacuate Collection Set: 0.0ms
[2019-06-18T20:23:34.397+0500][gc,phases    ] GC(1)   Evacuate Collection Set: 6.4ms
[2019-06-18T20:23:34.397+0500][gc,phases    ] GC(1)   Post Evacuate Collection Set: 0.3ms
[2019-06-18T20:23:34.397+0500][gc,phases    ] GC(1)   Other: 0.2ms
[2019-06-18T20:23:34.397+0500][gc,heap      ] GC(1) Eden regions: 14->0(50)
[2019-06-18T20:23:34.397+0500][gc,heap      ] GC(1) Survivor regions: 6->1(7)
[2019-06-18T20:23:34.397+0500][gc,heap      ] GC(1) Old regions: 0->6
[2019-06-18T20:23:34.397+0500][gc,heap      ] GC(1) Archive regions: 2->2
[2019-06-18T20:23:34.397+0500][gc,heap      ] GC(1) Humongous regions: 0->0
[2019-06-18T20:23:34.397+0500][gc,metaspace ] GC(1) Metaspace: 20450K->20450K(1067008K)
[2019-06-18T20:23:34.397+0500][gc           ] GC(1) Pause Young (Concurrent Start) (Metadata GC Threshold) 20M->7M(1024M) 7.153ms
[2019-06-18T20:23:34.397+0500][gc,cpu       ] GC(1) User=0.03s Sys=0.01s Real=0.00s
[2019-06-18T20:23:34.398+0500][gc           ] GC(2) Concurrent Cycle
[2019-06-18T20:23:34.398+0500][gc,marking   ] GC(2) Concurrent Clear Claimed Marks
[2019-06-18T20:23:34.398+0500][gc,marking   ] GC(2) Concurrent Clear Claimed Marks 0.027ms
[2019-06-18T20:23:34.398+0500][gc,marking   ] GC(2) Concurrent Scan Root Regions
[2019-06-18T20:23:34.399+0500][gc,marking   ] GC(2) Concurrent Scan Root Regions 1.688ms
[2019-06-18T20:23:34.399+0500][gc,marking   ] GC(2) Concurrent Mark (8.753s)
[2019-06-18T20:23:34.399+0500][gc,marking   ] GC(2) Concurrent Mark From Roots
[2019-06-18T20:23:34.399+0500][gc,task      ] GC(2) Using 3 workers of 3 for marking
[2019-06-18T20:23:34.400+0500][gc,marking   ] GC(2) Concurrent Mark From Roots 1.005ms
[2019-06-18T20:23:34.400+0500][gc,marking   ] GC(2) Concurrent Preclean
[2019-06-18T20:23:34.400+0500][gc,marking   ] GC(2) Concurrent Preclean 0.041ms
[2019-06-18T20:23:34.400+0500][gc,marking   ] GC(2) Concurrent Mark (8.753s, 8.754s) 1.106ms
[2019-06-18T20:23:34.401+0500][gc,start     ] GC(2) Pause Remark
[2019-06-18T20:23:34.401+0500][gc,stringtable] GC(2) Cleaned string table, strings: 4661 processed, 0 removed
[2019-06-18T20:23:34.401+0500][gc            ] GC(2) Pause Remark 8M->8M(1024M) 0.863ms
[2019-06-18T20:23:34.401+0500][gc,cpu        ] GC(2) User=0.01s Sys=0.00s Real=0.00s
[2019-06-18T20:23:34.401+0500][gc,marking    ] GC(2) Concurrent Rebuild Remembered Sets
[2019-06-18T20:23:34.403+0500][gc,marking    ] GC(2) Concurrent Rebuild Remembered Sets 1.699ms
[2019-06-18T20:23:34.404+0500][gc,start      ] GC(2) Pause Cleanup
[2019-06-18T20:23:34.404+0500][gc            ] GC(2) Pause Cleanup 8M->8M(1024M) 0.157ms
[2019-06-18T20:23:34.404+0500][gc,cpu        ] GC(2) User=0.01s Sys=0.00s Real=0.00s
[2019-06-18T20:23:34.404+0500][gc,marking    ] GC(2) Concurrent Cleanup for Next Mark
[2019-06-18T20:23:34.411+0500][gc,marking    ] GC(2) Concurrent Cleanup for Next Mark 6.690ms
[2019-06-18T20:23:34.411+0500][gc            ] GC(2) Concurrent Cycle 13.490ms
[2019-06-18T20:23:48.738+0500][gc,start      ] GC(3) Pause Young (Normal) (G1 Evacuation Pause)
[2019-06-18T20:23:48.738+0500][gc,task       ] GC(3) Using 10 workers of 10 for evacuation
[2019-06-18T20:23:48.741+0500][gc,phases     ] GC(3)   Pre Evacuate Collection Set: 0.0ms
[2019-06-18T20:23:48.741+0500][gc,phases     ] GC(3)   Evacuate Collection Set: 2.6ms
[2019-06-18T20:23:48.741+0500][gc,phases     ] GC(3)   Post Evacuate Collection Set: 0.3ms
[2019-06-18T20:23:48.741+0500][gc,phases     ] GC(3)   Other: 0.4ms
[2019-06-18T20:23:48.741+0500][gc,heap       ] GC(3) Eden regions: 50->0(46)
[2019-06-18T20:23:48.742+0500][gc,heap       ] GC(3) Survivor regions: 1->5(7)
[2019-06-18T20:23:48.742+0500][gc,heap       ] GC(3) Old regions: 6->6
[2019-06-18T20:23:48.742+0500][gc,heap       ] GC(3) Archive regions: 2->2
[2019-06-18T20:23:48.742+0500][gc,heap       ] GC(3) Humongous regions: 129->129
[2019-06-18T20:23:48.742+0500][gc,metaspace  ] GC(3) Metaspace: 30003K->30003K(1077248K)
[2019-06-18T20:23:48.742+0500][gc            ] GC(3) Pause Young (Normal) (G1 Evacuation Pause) 186M->140M(1024M) 3.466ms
[2019-06-18T20:23:48.742+0500][gc,cpu        ] GC(3) User=0.02s Sys=0.00s Real=0.01s
[2019-06-18T20:35:50.905+0500][gc,start      ] GC(4) Pause Young (Normal) (G1 Evacuation Pause)
[2019-06-18T20:35:50.906+0500][gc,task       ] GC(4) Using 10 workers of 10 for evacuation
[2019-06-18T20:35:50.910+0500][gc,phases     ] GC(4)   Pre Evacuate Collection Set: 0.0ms
[2019-06-18T20:35:50.910+0500][gc,phases     ] GC(4)   Evacuate Collection Set: 3.8ms
[2019-06-18T20:35:50.910+0500][gc,phases     ] GC(4)   Post Evacuate Collection Set: 0.4ms
[2019-06-18T20:35:50.910+0500][gc,phases     ] GC(4)   Other: 1.3ms
[2019-06-18T20:35:50.910+0500][gc,heap       ] GC(4) Eden regions: 46->0(48)
[2019-06-18T20:35:50.910+0500][gc,heap       ] GC(4) Survivor regions: 5->3(7)
[2019-06-18T20:35:50.910+0500][gc,heap       ] GC(4) Old regions: 6->11
[2019-06-18T20:35:50.910+0500][gc,heap       ] GC(4) Archive regions: 2->2
[2019-06-18T20:35:50.910+0500][gc,heap       ] GC(4) Humongous regions: 129->129
[2019-06-18T20:35:50.910+0500][gc,metaspace  ] GC(4) Metaspace: 33095K->33095K(1079296K)
[2019-06-18T20:35:50.910+0500][gc            ] GC(4) Pause Young (Normal) (G1 Evacuation Pause) 186M->142M(1024M) 5.652ms
[2019-06-18T20:35:50.911+0500][gc,cpu        ] GC(4) User=0.03s Sys=0.00s Real=0.01s
[2019-06-18T20:55:50.013+0500][gc,start      ] GC(5) Pause Young (Normal) (G1 Evacuation Pause)
[2019-06-18T20:55:50.014+0500][gc,task       ] GC(5) Using 10 workers of 10 for evacuation
[2019-06-18T20:55:50.018+0500][gc,phases     ] GC(5)   Pre Evacuate Collection Set: 0.1ms
[2019-06-18T20:55:50.018+0500][gc,phases     ] GC(5)   Evacuate Collection Set: 3.4ms
[2019-06-18T20:55:50.018+0500][gc,phases     ] GC(5)   Post Evacuate Collection Set: 0.3ms
[2019-06-18T20:55:50.018+0500][gc,phases     ] GC(5)   Other: 1.3ms
[2019-06-18T20:55:50.018+0500][gc,heap       ] GC(5) Eden regions: 48->0(47)
[2019-06-18T20:55:50.018+0500][gc,heap       ] GC(5) Survivor regions: 3->4(7)
[2019-06-18T20:55:50.018+0500][gc,heap       ] GC(5) Old regions: 11->11
[2019-06-18T20:55:50.018+0500][gc,heap       ] GC(5) Archive regions: 2->2
[2019-06-18T20:55:50.018+0500][gc,heap       ] GC(5) Humongous regions: 129->129
[2019-06-18T20:55:50.018+0500][gc,metaspace  ] GC(5) Metaspace: 33322K->33322K(1079296K)
[2019-06-18T20:55:50.018+0500][gc            ] GC(5) Pause Young (Normal) (G1 Evacuation Pause) 190M->143M(1024M) 5.343ms
[2019-06-18T20:55:50.018+0500][gc,cpu        ] GC(5) User=0.03s Sys=0.00s Real=0.00s
[2019-06-18T21:19:24.883+0500][gc,start      ] GC(6) Pause Young (Normal) (G1 Evacuation Pause)
[2019-06-18T21:19:24.885+0500][gc,task       ] GC(6) Using 10 workers of 10 for evacuation
[2019-06-18T21:19:24.889+0500][gc,phases     ] GC(6)   Pre Evacuate Collection Set: 0.0ms
[2019-06-18T21:19:24.889+0500][gc,phases     ] GC(6)   Evacuate Collection Set: 2.8ms
[2019-06-18T21:19:24.889+0500][gc,phases     ] GC(6)   Post Evacuate Collection Set: 0.5ms
[2019-06-18T21:19:24.889+0500][gc,phases     ] GC(6)   Other: 2.1ms
[2019-06-18T21:19:24.889+0500][gc,heap       ] GC(6) Eden regions: 47->0(48)
[2019-06-18T21:19:24.889+0500][gc,heap       ] GC(6) Survivor regions: 4->3(7)
[2019-06-18T21:19:24.889+0500][gc,heap       ] GC(6) Old regions: 11->11
[2019-06-18T21:19:24.889+0500][gc,heap       ] GC(6) Archive regions: 2->2
[2019-06-18T21:19:24.889+0500][gc,heap       ] GC(6) Humongous regions: 129->129
[2019-06-18T21:19:24.889+0500][gc,metaspace  ] GC(6) Metaspace: 33382K->33382K(1079296K)
[2019-06-18T21:19:24.889+0500][gc            ] GC(6) Pause Young (Normal) (G1 Evacuation Pause) 190M->142M(1024M) 5.687ms
[2019-06-18T21:19:24.889+0500][gc,cpu        ] GC(6) User=0.03s Sys=0.00s Real=0.00s
[2019-06-18T21:42:50.251+0500][gc,start      ] GC(7) Pause Young (Normal) (G1 Evacuation Pause)
[2019-06-18T21:42:50.251+0500][gc,task       ] GC(7) Using 10 workers of 10 for evacuation
[2019-06-18T21:42:50.255+0500][gc,phases     ] GC(7)   Pre Evacuate Collection Set: 0.0ms
[2019-06-18T21:42:50.255+0500][gc,phases     ] GC(7)   Evacuate Collection Set: 3.3ms
[2019-06-18T21:42:50.255+0500][gc,phases     ] GC(7)   Post Evacuate Collection Set: 0.4ms
[2019-06-18T21:42:50.255+0500][gc,phases     ] GC(7)   Other: 0.3ms
[2019-06-18T21:42:50.255+0500][gc,heap       ] GC(7) Eden regions: 48->0(47)
[2019-06-18T21:42:50.255+0500][gc,heap       ] GC(7) Survivor regions: 3->4(7)
[2019-06-18T21:42:50.255+0500][gc,heap       ] GC(7) Old regions: 11->11
[2019-06-18T21:42:50.255+0500][gc,heap       ] GC(7) Archive regions: 2->2
[2019-06-18T21:42:50.255+0500][gc,heap       ] GC(7) Humongous regions: 129->129
[2019-06-18T21:42:50.255+0500][gc,metaspace  ] GC(7) Metaspace: 33524K->33524K(1079296K)
[2019-06-18T21:42:50.255+0500][gc            ] GC(7) Pause Young (Normal) (G1 Evacuation Pause) 190M->143M(1024M) 4.218ms
[2019-06-18T21:42:50.255+0500][gc,cpu        ] GC(7) User=0.03s Sys=0.01s Real=0.00s
[2019-06-18T22:06:58.065+0500][gc,start      ] GC(8) Pause Young (Normal) (G1 Evacuation Pause)
[2019-06-18T22:06:58.066+0500][gc,task       ] GC(8) Using 10 workers of 10 for evacuation
[2019-06-18T22:06:58.069+0500][gc,phases     ] GC(8)   Pre Evacuate Collection Set: 0.0ms
[2019-06-18T22:06:58.069+0500][gc,phases     ] GC(8)   Evacuate Collection Set: 2.5ms
[2019-06-18T22:06:58.069+0500][gc,phases     ] GC(8)   Post Evacuate Collection Set: 0.4ms
[2019-06-18T22:06:58.069+0500][gc,phases     ] GC(8)   Other: 1.0ms
[2019-06-18T22:06:58.069+0500][gc,heap       ] GC(8) Eden regions: 47->0(50)
[2019-06-18T22:06:58.069+0500][gc,heap       ] GC(8) Survivor regions: 4->4(7)
[2019-06-18T22:06:58.069+0500][gc,heap       ] GC(8) Old regions: 11->11
[2019-06-18T22:06:58.069+0500][gc,heap       ] GC(8) Archive regions: 2->2
[2019-06-18T22:06:58.069+0500][gc,heap       ] GC(8) Humongous regions: 129->129
[2019-06-18T22:06:58.069+0500][gc,metaspace  ] GC(8) Metaspace: 33563K->33563K(1079296K)
[2019-06-18T22:06:58.069+0500][gc            ] GC(8) Pause Young (Normal) (G1 Evacuation Pause) 190M->143M(1024M) 4.027ms
[2019-06-18T22:06:58.069+0500][gc,cpu        ] GC(8) User=0.02s Sys=0.00s Real=0.00s
[2019-06-18T22:31:20.882+0500][gc,start      ] GC(9) Pause Young (Normal) (G1 Evacuation Pause)
[2019-06-18T22:31:20.883+0500][gc,task       ] GC(9) Using 10 workers of 10 for evacuation
[2019-06-18T22:31:20.886+0500][gc,phases     ] GC(9)   Pre Evacuate Collection Set: 0.1ms
[2019-06-18T22:31:20.886+0500][gc,phases     ] GC(9)   Evacuate Collection Set: 2.5ms
[2019-06-18T22:31:20.886+0500][gc,phases     ] GC(9)   Post Evacuate Collection Set: 0.3ms
[2019-06-18T22:31:20.886+0500][gc,phases     ] GC(9)   Other: 0.9ms
[2019-06-18T22:31:20.886+0500][gc,heap       ] GC(9) Eden regions: 50->0(68)
[2019-06-18T22:31:20.886+0500][gc,heap       ] GC(9) Survivor regions: 4->3(7)
[2019-06-18T22:31:20.886+0500][gc,heap       ] GC(9) Old regions: 11->11
[2019-06-18T22:31:20.886+0500][gc,heap       ] GC(9) Archive regions: 2->2
[2019-06-18T22:31:20.886+0500][gc,heap       ] GC(9) Humongous regions: 129->129
[2019-06-18T22:31:20.886+0500][gc,metaspace  ] GC(9) Metaspace: 33615K->33615K(1079296K)
[2019-06-18T22:31:20.886+0500][gc            ] GC(9) Pause Young (Normal) (G1 Evacuation Pause) 193M->143M(1024M) 3.895ms
[2019-06-18T22:31:20.886+0500][gc,cpu        ] GC(9) User=0.02s Sys=0.00s Real=0.00s
[2019-06-18T23:06:59.560+0500][gc,start      ] GC(10) Pause Young (Normal) (G1 Evacuation Pause)
[2019-06-18T23:06:59.561+0500][gc,task       ] GC(10) Using 10 workers of 10 for evacuation
[2019-06-18T23:06:59.565+0500][gc,phases     ] GC(10)   Pre Evacuate Collection Set: 0.0ms
[2019-06-18T23:06:59.565+0500][gc,phases     ] GC(10)   Evacuate Collection Set: 2.9ms
[2019-06-18T23:06:59.565+0500][gc,phases     ] GC(10)   Post Evacuate Collection Set: 0.3ms
[2019-06-18T23:06:59.565+0500][gc,phases     ] GC(10)   Other: 1.6ms
[2019-06-18T23:06:59.565+0500][gc,heap       ] GC(10) Eden regions: 68->0(91)
[2019-06-18T23:06:59.565+0500][gc,heap       ] GC(10) Survivor regions: 3->3(9)
[2019-06-18T23:06:59.565+0500][gc,heap       ] GC(10) Old regions: 11->11
[2019-06-18T23:06:59.565+0500][gc,heap       ] GC(10) Archive regions: 2->2
[2019-06-18T23:06:59.565+0500][gc,heap       ] GC(10) Humongous regions: 129->129
[2019-06-18T23:06:59.565+0500][gc,metaspace  ] GC(10) Metaspace: 33634K->33634K(1079296K)
[2019-06-18T23:06:59.565+0500][gc            ] GC(10) Pause Young (Normal) (G1 Evacuation Pause) 211M->143M(1024M) 4.950ms
[2019-06-18T23:06:59.565+0500][gc,cpu        ] GC(10) User=0.02s Sys=0.01s Real=0.00s
[2019-06-18T23:39:05.228+0500][gc,start      ] GC(11) Pause Young (Concurrent Start) (Metadata GC Threshold)
[2019-06-18T23:39:05.229+0500][gc,task       ] GC(11) Using 10 workers of 10 for evacuation
[2019-06-18T23:39:05.234+0500][gc,phases     ] GC(11)   Pre Evacuate Collection Set: 0.2ms
[2019-06-18T23:39:05.234+0500][gc,phases     ] GC(11)   Evacuate Collection Set: 3.8ms
[2019-06-18T23:39:05.234+0500][gc,phases     ] GC(11)   Post Evacuate Collection Set: 0.3ms
[2019-06-18T23:39:05.234+0500][gc,phases     ] GC(11)   Other: 1.6ms
[2019-06-18T23:39:05.234+0500][gc,heap       ] GC(11) Eden regions: 86->0(345)
[2019-06-18T23:39:05.234+0500][gc,heap       ] GC(11) Survivor regions: 3->3(12)
[2019-06-18T23:39:05.234+0500][gc,heap       ] GC(11) Old regions: 11->11
[2019-06-18T23:39:05.234+0500][gc,heap       ] GC(11) Archive regions: 2->2
[2019-06-18T23:39:05.234+0500][gc,heap       ] GC(11) Humongous regions: 129->129
[2019-06-18T23:39:05.234+0500][gc,metaspace  ] GC(11) Metaspace: 33788K->33788K(1079296K)
[2019-06-18T23:39:05.234+0500][gc            ] GC(11) Pause Young (Concurrent Start) (Metadata GC Threshold) 228M->143M(1024M) 5.959ms
[2019-06-18T23:39:05.234+0500][gc,cpu        ] GC(11) User=0.02s Sys=0.01s Real=0.01s
[2019-06-18T23:39:05.234+0500][gc            ] GC(12) Concurrent Cycle
[2019-06-18T23:39:05.234+0500][gc,marking    ] GC(12) Concurrent Clear Claimed Marks
[2019-06-18T23:39:05.234+0500][gc,marking    ] GC(12) Concurrent Clear Claimed Marks 0.104ms
[2019-06-18T23:39:05.234+0500][gc,marking    ] GC(12) Concurrent Scan Root Regions
[2019-06-18T23:39:05.236+0500][gc,marking    ] GC(12) Concurrent Scan Root Regions 1.811ms
[2019-06-18T23:39:05.236+0500][gc,marking    ] GC(12) Concurrent Mark (11739.408s)
[2019-06-18T23:39:05.236+0500][gc,marking    ] GC(12) Concurrent Mark From Roots
[2019-06-18T23:39:05.236+0500][gc,task       ] GC(12) Using 3 workers of 3 for marking
[2019-06-18T23:39:05.250+0500][gc,marking    ] GC(12) Concurrent Mark From Roots 13.391ms
[2019-06-18T23:39:05.250+0500][gc,marking    ] GC(12) Concurrent Preclean
[2019-06-18T23:39:05.250+0500][gc,marking    ] GC(12) Concurrent Preclean 0.160ms
[2019-06-18T23:39:05.250+0500][gc,marking    ] GC(12) Concurrent Mark (11739.408s, 11739.422s) 13.619ms
[2019-06-18T23:39:05.250+0500][gc,start      ] GC(12) Pause Remark
[2019-06-18T23:39:05.275+0500][gc,stringtable] GC(12) Cleaned string table, strings: 8862 processed, 288 removed
[2019-06-18T23:39:05.275+0500][gc,mmu        ] GC(12) MMU target violated: 21.0ms (20.0ms/21.0ms)
[2019-06-18T23:39:05.275+0500][gc            ] GC(12) Pause Remark 143M->143M(1024M) 25.309ms
[2019-06-18T23:39:05.275+0500][gc,cpu        ] GC(12) User=0.03s Sys=0.10s Real=0.02s
[2019-06-18T23:39:05.275+0500][gc,marking    ] GC(12) Concurrent Rebuild Remembered Sets
[2019-06-18T23:39:05.280+0500][gc,marking    ] GC(12) Concurrent Rebuild Remembered Sets 4.113ms
[2019-06-18T23:39:05.280+0500][gc,start      ] GC(12) Pause Cleanup
[2019-06-18T23:39:05.280+0500][gc            ] GC(12) Pause Cleanup 143M->143M(1024M) 0.161ms
[2019-06-18T23:39:05.280+0500][gc,cpu        ] GC(12) User=0.00s Sys=0.00s Real=0.00s
[2019-06-18T23:39:05.280+0500][gc,marking    ] GC(12) Concurrent Cleanup for Next Mark
[2019-06-18T23:39:05.286+0500][gc,marking    ] GC(12) Concurrent Cleanup for Next Mark 5.642ms
[2019-06-18T23:39:05.286+0500][gc            ] GC(12) Concurrent Cycle 51.580ms
[2019-06-18T23:54:40.312+0500][gc,start      ] GC(13) Pause Young (Normal) (G1 Evacuation Pause)
[2019-06-18T23:54:40.313+0500][gc,task       ] GC(13) Using 10 workers of 10 for evacuation
[2019-06-18T23:54:40.316+0500][gc,phases     ] GC(13)   Pre Evacuate Collection Set: 0.0ms
[2019-06-18T23:54:40.316+0500][gc,phases     ] GC(13)   Evacuate Collection Set: 2.9ms
[2019-06-18T23:54:40.316+0500][gc,phases     ] GC(13)   Post Evacuate Collection Set: 0.5ms
[2019-06-18T23:54:40.317+0500][gc,phases     ] GC(13)   Other: 1.5ms
[2019-06-18T23:54:40.317+0500][gc,heap       ] GC(13) Eden regions: 48->0(150)
[2019-06-18T23:54:40.317+0500][gc,heap       ] GC(13) Survivor regions: 3->3(7)
[2019-06-18T23:54:40.317+0500][gc,heap       ] GC(13) Old regions: 11->11
[2019-06-18T23:54:40.317+0500][gc,heap       ] GC(13) Archive regions: 2->2
[2019-06-18T23:54:40.317+0500][gc,heap       ] GC(13) Humongous regions: 129->129
[2019-06-18T23:54:40.317+0500][gc,metaspace  ] GC(13) Metaspace: 33651K->33651K(1079296K)
[2019-06-18T23:54:40.317+0500][gc            ] GC(13) Pause Young (Normal) (G1 Evacuation Pause) 191M->143M(1024M) 5.075ms
[2019-06-18T23:54:40.317+0500][gc,cpu        ] GC(13) User=0.03s Sys=0.00s Real=0.00s
[2019-06-19T09:39:09.240+0500][gc,start      ] GC(14) Pause Young (Normal) (G1 Evacuation Pause)
[2019-06-19T09:39:09.241+0500][gc,task       ] GC(14) Using 10 workers of 10 for evacuation
[2019-06-19T09:39:09.278+0500][gc,mmu        ] GC(14) MMU target violated: 21.0ms (20.0ms/21.0ms)
[2019-06-19T09:39:09.279+0500][gc,phases     ] GC(14)   Pre Evacuate Collection Set: 1.6ms
[2019-06-19T09:39:09.279+0500][gc,phases     ] GC(14)   Evacuate Collection Set: 33.1ms
[2019-06-19T09:39:09.279+0500][gc,phases     ] GC(14)   Post Evacuate Collection Set: 1.2ms
[2019-06-19T09:39:09.279+0500][gc,phases     ] GC(14)   Other: 4.7ms
[2019-06-19T09:39:09.279+0500][gc,heap       ] GC(14) Eden regions: 150->0(47)
[2019-06-19T09:39:09.279+0500][gc,heap       ] GC(14) Survivor regions: 3->4(20)
[2019-06-19T09:39:09.279+0500][gc,heap       ] GC(14) Old regions: 11->11
[2019-06-19T09:39:09.279+0500][gc,heap       ] GC(14) Archive regions: 2->2
[2019-06-19T09:39:09.279+0500][gc,heap       ] GC(14) Humongous regions: 129->129
[2019-06-19T09:39:09.279+0500][gc,metaspace  ] GC(14) Metaspace: 34214K->34214K(1079296K)
[2019-06-19T09:39:09.279+0500][gc            ] GC(14) Pause Young (Normal) (G1 Evacuation Pause) 293M->143M(1024M) 40.014ms
[2019-06-19T09:39:09.279+0500][gc,cpu        ] GC(14) User=0.03s Sys=0.17s Real=0.04s
[2019-06-19T10:25:00.966+0500][gc,start      ] GC(15) Pause Young (Normal) (G1 Evacuation Pause)
[2019-06-19T10:25:00.966+0500][gc,task       ] GC(15) Using 10 workers of 10 for evacuation
[2019-06-19T10:25:00.971+0500][gc,phases     ] GC(15)   Pre Evacuate Collection Set: 0.0ms
[2019-06-19T10:25:00.971+0500][gc,phases     ] GC(15)   Evacuate Collection Set: 4.1ms
[2019-06-19T10:25:00.971+0500][gc,phases     ] GC(15)   Post Evacuate Collection Set: 0.4ms
[2019-06-19T10:25:00.971+0500][gc,phases     ] GC(15)   Other: 0.2ms
[2019-06-19T10:25:00.971+0500][gc,heap       ] GC(15) Eden regions: 47->0(49)
[2019-06-19T10:25:00.971+0500][gc,heap       ] GC(15) Survivor regions: 4->3(7)
[2019-06-19T10:25:00.971+0500][gc,heap       ] GC(15) Old regions: 11->11
[2019-06-19T10:25:00.971+0500][gc,heap       ] GC(15) Archive regions: 2->2
[2019-06-19T10:25:00.971+0500][gc,heap       ] GC(15) Humongous regions: 129->129
[2019-06-19T10:25:00.971+0500][gc,metaspace  ] GC(15) Metaspace: 34251K->34251K(1079296K)
[2019-06-19T10:25:00.971+0500][gc            ] GC(15) Pause Young (Normal) (G1 Evacuation Pause) 190M->143M(1024M) 4.919ms
[2019-06-19T10:25:00.971+0500][gc,cpu        ] GC(15) User=0.02s Sys=0.01s Real=0.01s
[2019-06-19T10:52:28.021+0500][gc,start      ] GC(16) Pause Young (Normal) (G1 Evacuation Pause)
[2019-06-19T10:52:28.021+0500][gc,task       ] GC(16) Using 10 workers of 10 for evacuation
[2019-06-19T10:52:28.027+0500][gc,phases     ] GC(16)   Pre Evacuate Collection Set: 0.0ms
[2019-06-19T10:52:28.027+0500][gc,phases     ] GC(16)   Evacuate Collection Set: 5.6ms
[2019-06-19T10:52:28.027+0500][gc,phases     ] GC(16)   Post Evacuate Collection Set: 0.4ms
[2019-06-19T10:52:28.027+0500][gc,phases     ] GC(16)   Other: 0.3ms
[2019-06-19T10:52:28.027+0500][gc,heap       ] GC(16) Eden regions: 49->0(52)
[2019-06-19T10:52:28.027+0500][gc,heap       ] GC(16) Survivor regions: 3->3(7)
[2019-06-19T10:52:28.027+0500][gc,heap       ] GC(16) Old regions: 11->11
[2019-06-19T10:52:28.027+0500][gc,heap       ] GC(16) Archive regions: 2->2
[2019-06-19T10:52:28.027+0500][gc,heap       ] GC(16) Humongous regions: 129->129
[2019-06-19T10:52:28.027+0500][gc,metaspace  ] GC(16) Metaspace: 34256K->34256K(1079296K)
[2019-06-19T10:52:28.027+0500][gc            ] GC(16) Pause Young (Normal) (G1 Evacuation Pause) 192M->143M(1024M) 6.540ms
[2019-06-19T10:52:28.027+0500][gc,cpu        ] GC(16) User=0.02s Sys=0.02s Real=0.00s
[2019-06-19T11:25:30.683+0500][gc,start      ] GC(17) Pause Young (Normal) (G1 Evacuation Pause)
[2019-06-19T11:25:30.683+0500][gc,task       ] GC(17) Using 10 workers of 10 for evacuation
[2019-06-19T11:25:30.690+0500][gc,phases     ] GC(17)   Pre Evacuate Collection Set: 0.0ms
[2019-06-19T11:25:30.690+0500][gc,phases     ] GC(17)   Evacuate Collection Set: 6.6ms
[2019-06-19T11:25:30.690+0500][gc,phases     ] GC(17)   Post Evacuate Collection Set: 0.5ms
[2019-06-19T11:25:30.690+0500][gc,phases     ] GC(17)   Other: 0.2ms
[2019-06-19T11:25:30.690+0500][gc,heap       ] GC(17) Eden regions: 52->0(54)
[2019-06-19T11:25:30.690+0500][gc,heap       ] GC(17) Survivor regions: 3->3(7)
[2019-06-19T11:25:30.690+0500][gc,heap       ] GC(17) Old regions: 11->11
[2019-06-19T11:25:30.690+0500][gc,heap       ] GC(17) Archive regions: 2->2
[2019-06-19T11:25:30.690+0500][gc,heap       ] GC(17) Humongous regions: 129->129
[2019-06-19T11:25:30.690+0500][gc,metaspace  ] GC(17) Metaspace: 34257K->34257K(1079296K)
[2019-06-19T11:25:30.690+0500][gc            ] GC(17) Pause Young (Normal) (G1 Evacuation Pause) 195M->143M(1024M) 7.485ms
[2019-06-19T11:25:30.690+0500][gc,cpu        ] GC(17) User=0.02s Sys=0.03s Real=0.01s
[2019-06-19T13:02:23.906+0500][gc,start      ] GC(18) Pause Young (Normal) (G1 Evacuation Pause)
[2019-06-19T13:02:23.907+0500][gc,task       ] GC(18) Using 10 workers of 10 for evacuation
[2019-06-19T13:02:23.912+0500][gc,phases     ] GC(18)   Pre Evacuate Collection Set: 0.0ms
[2019-06-19T13:02:23.912+0500][gc,phases     ] GC(18)   Evacuate Collection Set: 4.2ms
[2019-06-19T13:02:23.912+0500][gc,phases     ] GC(18)   Post Evacuate Collection Set: 0.4ms
[2019-06-19T13:02:23.912+0500][gc,phases     ] GC(18)   Other: 1.4ms
[2019-06-19T13:02:23.912+0500][gc,heap       ] GC(18) Eden regions: 54->0(58)
[2019-06-19T13:02:23.912+0500][gc,heap       ] GC(18) Survivor regions: 3->3(8)
[2019-06-19T13:02:23.912+0500][gc,heap       ] GC(18) Old regions: 11->11
[2019-06-19T13:02:23.912+0500][gc,heap       ] GC(18) Archive regions: 2->2
[2019-06-19T13:02:23.912+0500][gc,heap       ] GC(18) Humongous regions: 129->129
[2019-06-19T13:02:23.912+0500][gc,metaspace  ] GC(18) Metaspace: 34277K->34277K(1079296K)
[2019-06-19T13:02:23.912+0500][gc            ] GC(18) Pause Young (Normal) (G1 Evacuation Pause) 197M->143M(1024M) 6.181ms
[2019-06-19T13:02:23.912+0500][gc,cpu        ] GC(18) User=0.02s Sys=0.02s Real=0.01s
[2019-06-19T14:58:37.573+0500][gc,start      ] GC(19) Pause Young (Normal) (G1 Evacuation Pause)
[2019-06-19T14:58:37.574+0500][gc,task       ] GC(19) Using 10 workers of 10 for evacuation
[2019-06-19T14:58:37.581+0500][gc,phases     ] GC(19)   Pre Evacuate Collection Set: 0.0ms
[2019-06-19T14:58:37.581+0500][gc,phases     ] GC(19)   Evacuate Collection Set: 5.9ms
[2019-06-19T14:58:37.581+0500][gc,phases     ] GC(19)   Post Evacuate Collection Set: 0.4ms
[2019-06-19T14:58:37.581+0500][gc,phases     ] GC(19)   Other: 1.4ms
[2019-06-19T14:58:37.581+0500][gc,heap       ] GC(19) Eden regions: 58->0(61)
[2019-06-19T14:58:37.581+0500][gc,heap       ] GC(19) Survivor regions: 3->3(8)
[2019-06-19T14:58:37.581+0500][gc,heap       ] GC(19) Old regions: 11->11
[2019-06-19T14:58:37.581+0500][gc,heap       ] GC(19) Archive regions: 2->2
[2019-06-19T14:58:37.581+0500][gc,heap       ] GC(19) Humongous regions: 129->129
[2019-06-19T14:58:37.581+0500][gc,metaspace  ] GC(19) Metaspace: 34285K->34285K(1079296K)
[2019-06-19T14:58:37.581+0500][gc            ] GC(19) Pause Young (Normal) (G1 Evacuation Pause) 201M->143M(1024M) 7.858ms
[2019-06-19T14:58:37.581+0500][gc,cpu        ] GC(19) User=0.03s Sys=0.02s Real=0.01s
[2019-06-19T16:22:34.121+0500][gc,heap,exit  ] Heap
[2019-06-19T16:22:34.121+0500][gc,heap,exit  ]  garbage-first heap   total 1048576K, used 190792K [0x00000007c0000000, 0x0000000800000000)
[2019-06-19T16:22:34.121+0500][gc,heap,exit  ]   region size 1024K, 48 young (49152K), 3 survivors (3072K)
[2019-06-19T16:22:34.121+0500][gc,heap,exit  ]  Metaspace       used 34947K, capacity 37137K, committed 37424K, reserved 1081344K
[2019-06-19T16:22:34.121+0500][gc,heap,exit  ]   class space    used 4929K, capacity 5942K, committed 6016K, reserved 1048576K
