[2019-06-17T23:11:50.333+0500][gc,heap] Heap region size: 1M
[2019-06-17T23:11:50.342+0500][gc     ] Using G1
[2019-06-17T23:11:50.342+0500][gc,heap,coops] Heap address: 0x00000007c0000000, size: 1024 MB, Compressed Oops mode: Zero based, Oop shift amount: 3
[2019-06-17T23:11:50.342+0500][gc,cds       ] Mark closed archive regions in map: [0x00000007fff00000, 0x00000007fff6fff8]
[2019-06-17T23:11:50.343+0500][gc,cds       ] Mark open archive regions in map: [0x00000007ffe00000, 0x00000007ffe45ff8]
[2019-06-17T23:11:50.359+0500][gc           ] Periodic GC disabled
[2019-06-17T23:11:56.680+0500][gc,start     ] GC(0) Pause Young (Normal) (G1 Evacuation Pause)
[2019-06-17T23:11:56.681+0500][gc,task      ] GC(0) Using 10 workers of 10 for evacuation
[2019-06-17T23:11:56.689+0500][gc,phases    ] GC(0)   Pre Evacuate Collection Set: 0.1ms
[2019-06-17T23:11:56.689+0500][gc,phases    ] GC(0)   Evacuate Collection Set: 7.8ms
[2019-06-17T23:11:56.689+0500][gc,phases    ] GC(0)   Post Evacuate Collection Set: 0.3ms
[2019-06-17T23:11:56.689+0500][gc,phases    ] GC(0)   Other: 0.6ms
[2019-06-17T23:11:56.689+0500][gc,heap      ] GC(0) Eden regions: 51->0(45)
[2019-06-17T23:11:56.689+0500][gc,heap      ] GC(0) Survivor regions: 0->6(7)
[2019-06-17T23:11:56.689+0500][gc,heap      ] GC(0) Old regions: 0->0
[2019-06-17T23:11:56.689+0500][gc,heap      ] GC(0) Archive regions: 2->2
[2019-06-17T23:11:56.689+0500][gc,heap      ] GC(0) Humongous regions: 0->0
[2019-06-17T23:11:56.689+0500][gc,metaspace ] GC(0) Metaspace: 16834K->16834K(1064960K)
[2019-06-17T23:11:56.689+0500][gc           ] GC(0) Pause Young (Normal) (G1 Evacuation Pause) 51M->6M(1024M) 8.943ms
[2019-06-17T23:11:56.689+0500][gc,cpu       ] GC(0) User=0.03s Sys=0.01s Real=0.00s
[2019-06-17T23:11:56.956+0500][gc,start     ] GC(1) Pause Young (Concurrent Start) (Metadata GC Threshold)
[2019-06-17T23:11:56.956+0500][gc,task      ] GC(1) Using 10 workers of 10 for evacuation
[2019-06-17T23:11:56.963+0500][gc,phases    ] GC(1)   Pre Evacuate Collection Set: 0.0ms
[2019-06-17T23:11:56.963+0500][gc,phases    ] GC(1)   Evacuate Collection Set: 6.5ms
[2019-06-17T23:11:56.963+0500][gc,phases    ] GC(1)   Post Evacuate Collection Set: 0.3ms
[2019-06-17T23:11:56.963+0500][gc,phases    ] GC(1)   Other: 0.2ms
[2019-06-17T23:11:56.963+0500][gc,heap      ] GC(1) Eden regions: 15->0(50)
[2019-06-17T23:11:56.963+0500][gc,heap      ] GC(1) Survivor regions: 6->1(7)
[2019-06-17T23:11:56.963+0500][gc,heap      ] GC(1) Old regions: 0->6
[2019-06-17T23:11:56.963+0500][gc,heap      ] GC(1) Archive regions: 2->2
[2019-06-17T23:11:56.963+0500][gc,heap      ] GC(1) Humongous regions: 0->0
[2019-06-17T23:11:56.963+0500][gc,metaspace ] GC(1) Metaspace: 20517K->20517K(1067008K)
[2019-06-17T23:11:56.964+0500][gc           ] GC(1) Pause Young (Concurrent Start) (Metadata GC Threshold) 20M->7M(1024M) 7.205ms
[2019-06-17T23:11:56.964+0500][gc,cpu       ] GC(1) User=0.03s Sys=0.00s Real=0.01s
[2019-06-17T23:11:56.964+0500][gc           ] GC(2) Concurrent Cycle
[2019-06-17T23:11:56.964+0500][gc,marking   ] GC(2) Concurrent Clear Claimed Marks
[2019-06-17T23:11:56.964+0500][gc,marking   ] GC(2) Concurrent Clear Claimed Marks 0.051ms
[2019-06-17T23:11:56.964+0500][gc,marking   ] GC(2) Concurrent Scan Root Regions
[2019-06-17T23:11:56.966+0500][gc,marking   ] GC(2) Concurrent Scan Root Regions 2.162ms
[2019-06-17T23:11:56.966+0500][gc,marking   ] GC(2) Concurrent Mark (6.642s)
[2019-06-17T23:11:56.966+0500][gc,marking   ] GC(2) Concurrent Mark From Roots
[2019-06-17T23:11:56.966+0500][gc,task      ] GC(2) Using 3 workers of 3 for marking
[2019-06-17T23:11:56.967+0500][gc,marking   ] GC(2) Concurrent Mark From Roots 1.250ms
[2019-06-17T23:11:56.967+0500][gc,marking   ] GC(2) Concurrent Preclean
[2019-06-17T23:11:56.967+0500][gc,marking   ] GC(2) Concurrent Preclean 0.036ms
[2019-06-17T23:11:56.967+0500][gc,marking   ] GC(2) Concurrent Mark (6.642s, 6.643s) 1.395ms
[2019-06-17T23:11:56.967+0500][gc,start     ] GC(2) Pause Remark
[2019-06-17T23:11:56.968+0500][gc,stringtable] GC(2) Cleaned string table, strings: 4666 processed, 0 removed
[2019-06-17T23:11:56.968+0500][gc            ] GC(2) Pause Remark 8M->8M(1024M) 0.877ms
[2019-06-17T23:11:56.968+0500][gc,cpu        ] GC(2) User=0.00s Sys=0.00s Real=0.00s
[2019-06-17T23:11:56.968+0500][gc,marking    ] GC(2) Concurrent Rebuild Remembered Sets
[2019-06-17T23:11:56.970+0500][gc,marking    ] GC(2) Concurrent Rebuild Remembered Sets 1.516ms
[2019-06-17T23:11:56.970+0500][gc,start      ] GC(2) Pause Cleanup
[2019-06-17T23:11:56.971+0500][gc            ] GC(2) Pause Cleanup 8M->8M(1024M) 0.180ms
[2019-06-17T23:11:56.971+0500][gc,cpu        ] GC(2) User=0.00s Sys=0.00s Real=0.00s
[2019-06-17T23:11:56.971+0500][gc,marking    ] GC(2) Concurrent Cleanup for Next Mark
[2019-06-17T23:11:56.977+0500][gc,marking    ] GC(2) Concurrent Cleanup for Next Mark 6.232ms
[2019-06-17T23:11:56.977+0500][gc            ] GC(2) Concurrent Cycle 13.301ms
[2019-06-17T23:12:23.045+0500][gc,start      ] GC(3) Pause Young (Normal) (G1 Evacuation Pause)
[2019-06-17T23:12:23.045+0500][gc,task       ] GC(3) Using 10 workers of 10 for evacuation
[2019-06-17T23:12:23.049+0500][gc,phases     ] GC(3)   Pre Evacuate Collection Set: 0.0ms
[2019-06-17T23:12:23.049+0500][gc,phases     ] GC(3)   Evacuate Collection Set: 3.3ms
[2019-06-17T23:12:23.049+0500][gc,phases     ] GC(3)   Post Evacuate Collection Set: 0.4ms
[2019-06-17T23:12:23.049+0500][gc,phases     ] GC(3)   Other: 0.5ms
[2019-06-17T23:12:23.049+0500][gc,heap       ] GC(3) Eden regions: 50->0(46)
[2019-06-17T23:12:23.049+0500][gc,heap       ] GC(3) Survivor regions: 1->5(7)
[2019-06-17T23:12:23.049+0500][gc,heap       ] GC(3) Old regions: 6->6
[2019-06-17T23:12:23.049+0500][gc,heap       ] GC(3) Archive regions: 2->2
[2019-06-17T23:12:23.049+0500][gc,heap       ] GC(3) Humongous regions: 129->129
[2019-06-17T23:12:23.049+0500][gc,metaspace  ] GC(3) Metaspace: 30187K->30187K(1077248K)
[2019-06-17T23:12:23.049+0500][gc            ] GC(3) Pause Young (Normal) (G1 Evacuation Pause) 186M->140M(1024M) 4.468ms
[2019-06-17T23:12:23.049+0500][gc,cpu        ] GC(3) User=0.03s Sys=0.00s Real=0.00s
[2019-06-17T23:29:31.857+0500][gc,start      ] GC(4) Pause Young (Normal) (G1 Evacuation Pause)
[2019-06-17T23:29:31.858+0500][gc,task       ] GC(4) Using 10 workers of 10 for evacuation
[2019-06-17T23:29:31.867+0500][gc,phases     ] GC(4)   Pre Evacuate Collection Set: 0.0ms
[2019-06-17T23:29:31.867+0500][gc,phases     ] GC(4)   Evacuate Collection Set: 8.0ms
[2019-06-17T23:29:31.867+0500][gc,phases     ] GC(4)   Post Evacuate Collection Set: 0.4ms
[2019-06-17T23:29:31.867+0500][gc,phases     ] GC(4)   Other: 1.8ms
[2019-06-17T23:29:31.867+0500][gc,heap       ] GC(4) Eden regions: 46->0(48)
[2019-06-17T23:29:31.867+0500][gc,heap       ] GC(4) Survivor regions: 5->3(7)
[2019-06-17T23:29:31.867+0500][gc,heap       ] GC(4) Old regions: 6->11
[2019-06-17T23:29:31.867+0500][gc,heap       ] GC(4) Archive regions: 2->2
[2019-06-17T23:29:31.867+0500][gc,heap       ] GC(4) Humongous regions: 129->129
[2019-06-17T23:29:31.867+0500][gc,metaspace  ] GC(4) Metaspace: 33335K->33335K(1079296K)
[2019-06-17T23:29:31.867+0500][gc            ] GC(4) Pause Young (Normal) (G1 Evacuation Pause) 186M->142M(1024M) 10.349ms
[2019-06-17T23:29:31.867+0500][gc,cpu        ] GC(4) User=0.04s Sys=0.02s Real=0.01s
