[2019-06-17T22:58:34.359+0500][gc,heap] Heap region size: 1M
[2019-06-17T22:58:34.368+0500][gc     ] Using G1
[2019-06-17T22:58:34.368+0500][gc,heap,coops] Heap address: 0x00000007c0000000, size: 1024 MB, Compressed Oops mode: Zero based, Oop shift amount: 3
[2019-06-17T22:58:34.368+0500][gc,cds       ] Mark closed archive regions in map: [0x00000007fff00000, 0x00000007fff6fff8]
[2019-06-17T22:58:34.368+0500][gc,cds       ] Mark open archive regions in map: [0x00000007ffe00000, 0x00000007ffe45ff8]
[2019-06-17T22:58:34.383+0500][gc           ] Periodic GC disabled
[2019-06-17T22:58:40.530+0500][gc,start     ] GC(0) Pause Young (Normal) (G1 Evacuation Pause)
[2019-06-17T22:58:40.530+0500][gc,task      ] GC(0) Using 10 workers of 10 for evacuation
[2019-06-17T22:58:40.538+0500][gc,phases    ] GC(0)   Pre Evacuate Collection Set: 0.1ms
[2019-06-17T22:58:40.538+0500][gc,phases    ] GC(0)   Evacuate Collection Set: 7.8ms
[2019-06-17T22:58:40.538+0500][gc,phases    ] GC(0)   Post Evacuate Collection Set: 0.3ms
[2019-06-17T22:58:40.539+0500][gc,phases    ] GC(0)   Other: 0.5ms
[2019-06-17T22:58:40.539+0500][gc,heap      ] GC(0) Eden regions: 51->0(45)
[2019-06-17T22:58:40.539+0500][gc,heap      ] GC(0) Survivor regions: 0->6(7)
[2019-06-17T22:58:40.539+0500][gc,heap      ] GC(0) Old regions: 0->0
[2019-06-17T22:58:40.539+0500][gc,heap      ] GC(0) Archive regions: 2->2
[2019-06-17T22:58:40.539+0500][gc,heap      ] GC(0) Humongous regions: 0->0
[2019-06-17T22:58:40.539+0500][gc,metaspace ] GC(0) Metaspace: 16830K->16830K(1064960K)
[2019-06-17T22:58:40.539+0500][gc           ] GC(0) Pause Young (Normal) (G1 Evacuation Pause) 51M->6M(1024M) 8.853ms
[2019-06-17T22:58:40.539+0500][gc,cpu       ] GC(0) User=0.03s Sys=0.01s Real=0.00s
[2019-06-17T22:58:43.675+0500][gc,heap,exit ] Heap
[2019-06-17T22:58:43.675+0500][gc,heap,exit ]  garbage-first heap   total 1048576K, used 16954K [0x00000007c0000000, 0x0000000800000000)
[2019-06-17T22:58:43.675+0500][gc,heap,exit ]   region size 1024K, 17 young (17408K), 6 survivors (6144K)
[2019-06-17T22:58:43.675+0500][gc,heap,exit ]  Metaspace       used 19448K, capacity 20044K, committed 20096K, reserved 1067008K
[2019-06-17T22:58:43.675+0500][gc,heap,exit ]   class space    used 2708K, capacity 2941K, committed 2944K, reserved 1048576K
