[2019-06-19T16:22:27.763+0500][gc,heap] Heap region size: 1M
[2019-06-19T16:22:27.772+0500][gc     ] Using G1
[2019-06-19T16:22:27.772+0500][gc,heap,coops] Heap address: 0x00000007c0000000, size: 1024 MB, Compressed Oops mode: Zero based, Oop shift amount: 3
[2019-06-19T16:22:27.773+0500][gc,cds       ] Mark closed archive regions in map: [0x00000007fff00000, 0x00000007fff6fff8]
[2019-06-19T16:22:27.773+0500][gc,cds       ] Mark open archive regions in map: [0x00000007ffe00000, 0x00000007ffe45ff8]
[2019-06-19T16:22:27.788+0500][gc           ] Periodic GC disabled
[2019-06-19T16:22:34.016+0500][gc,start     ] GC(0) Pause Young (Normal) (G1 Evacuation Pause)
[2019-06-19T16:22:34.016+0500][gc,task      ] GC(0) Using 10 workers of 10 for evacuation
[2019-06-19T16:22:34.025+0500][gc,phases    ] GC(0)   Pre Evacuate Collection Set: 0.1ms
[2019-06-19T16:22:34.025+0500][gc,phases    ] GC(0)   Evacuate Collection Set: 8.1ms
[2019-06-19T16:22:34.025+0500][gc,phases    ] GC(0)   Post Evacuate Collection Set: 0.4ms
[2019-06-19T16:22:34.025+0500][gc,phases    ] GC(0)   Other: 0.7ms
[2019-06-19T16:22:34.025+0500][gc,heap      ] GC(0) Eden regions: 51->0(44)
[2019-06-19T16:22:34.025+0500][gc,heap      ] GC(0) Survivor regions: 0->7(7)
[2019-06-19T16:22:34.025+0500][gc,heap      ] GC(0) Old regions: 0->0
[2019-06-19T16:22:34.025+0500][gc,heap      ] GC(0) Archive regions: 2->2
[2019-06-19T16:22:34.025+0500][gc,heap      ] GC(0) Humongous regions: 0->0
[2019-06-19T16:22:34.025+0500][gc,metaspace ] GC(0) Metaspace: 16807K->16807K(1064960K)
[2019-06-19T16:22:34.025+0500][gc           ] GC(0) Pause Young (Normal) (G1 Evacuation Pause) 51M->6M(1024M) 9.392ms
[2019-06-19T16:22:34.025+0500][gc,cpu       ] GC(0) User=0.04s Sys=0.01s Real=0.01s
[2019-06-19T16:22:34.313+0500][gc,start     ] GC(1) Pause Young (Concurrent Start) (GCLocker Initiated GC)
[2019-06-19T16:22:34.313+0500][gc,task      ] GC(1) Using 10 workers of 10 for evacuation
[2019-06-19T16:22:34.321+0500][gc,phases    ] GC(1)   Pre Evacuate Collection Set: 0.0ms
[2019-06-19T16:22:34.321+0500][gc,phases    ] GC(1)   Evacuate Collection Set: 7.2ms
[2019-06-19T16:22:34.321+0500][gc,phases    ] GC(1)   Post Evacuate Collection Set: 0.3ms
[2019-06-19T16:22:34.321+0500][gc,phases    ] GC(1)   Other: 0.2ms
[2019-06-19T16:22:34.321+0500][gc,heap      ] GC(1) Eden regions: 14->0(50)
[2019-06-19T16:22:34.321+0500][gc,heap      ] GC(1) Survivor regions: 7->1(7)
[2019-06-19T16:22:34.321+0500][gc,heap      ] GC(1) Old regions: 0->6
[2019-06-19T16:22:34.321+0500][gc,heap      ] GC(1) Archive regions: 2->2
[2019-06-19T16:22:34.321+0500][gc,heap      ] GC(1) Humongous regions: 0->0
[2019-06-19T16:22:34.321+0500][gc,metaspace ] GC(1) Metaspace: 20475K->20475K(1067008K)
[2019-06-19T16:22:34.321+0500][gc           ] GC(1) Pause Young (Concurrent Start) (GCLocker Initiated GC) 20M->7M(1024M) 7.829ms
[2019-06-19T16:22:34.321+0500][gc,cpu       ] GC(1) User=0.03s Sys=0.00s Real=0.01s
[2019-06-19T16:22:34.321+0500][gc           ] GC(2) Concurrent Cycle
[2019-06-19T16:22:34.321+0500][gc,marking   ] GC(2) Concurrent Clear Claimed Marks
[2019-06-19T16:22:34.322+0500][gc,marking   ] GC(2) Concurrent Clear Claimed Marks 0.045ms
[2019-06-19T16:22:34.322+0500][gc,marking   ] GC(2) Concurrent Scan Root Regions
[2019-06-19T16:22:34.323+0500][gc,marking   ] GC(2) Concurrent Scan Root Regions 1.713ms
[2019-06-19T16:22:34.324+0500][gc,marking   ] GC(2) Concurrent Mark (6.568s)
[2019-06-19T16:22:34.324+0500][gc,marking   ] GC(2) Concurrent Mark From Roots
[2019-06-19T16:22:34.324+0500][gc,task      ] GC(2) Using 3 workers of 3 for marking
[2019-06-19T16:22:34.326+0500][gc,marking   ] GC(2) Concurrent Mark From Roots 2.621ms
[2019-06-19T16:22:34.326+0500][gc,marking   ] GC(2) Concurrent Preclean
[2019-06-19T16:22:34.326+0500][gc,marking   ] GC(2) Concurrent Preclean 0.045ms
[2019-06-19T16:22:34.326+0500][gc,marking   ] GC(2) Concurrent Mark (6.568s, 6.571s) 2.997ms
[2019-06-19T16:22:34.326+0500][gc,start     ] GC(2) Pause Remark
[2019-06-19T16:22:34.327+0500][gc,stringtable] GC(2) Cleaned string table, strings: 4658 processed, 0 removed
[2019-06-19T16:22:34.327+0500][gc            ] GC(2) Pause Remark 8M->8M(1024M) 0.824ms
[2019-06-19T16:22:34.327+0500][gc,cpu        ] GC(2) User=0.00s Sys=0.00s Real=0.00s
[2019-06-19T16:22:34.327+0500][gc,marking    ] GC(2) Concurrent Rebuild Remembered Sets
[2019-06-19T16:22:34.330+0500][gc,marking    ] GC(2) Concurrent Rebuild Remembered Sets 2.553ms
[2019-06-19T16:22:34.331+0500][gc,start      ] GC(2) Pause Cleanup
[2019-06-19T16:22:34.331+0500][gc            ] GC(2) Pause Cleanup 8M->8M(1024M) 0.199ms
[2019-06-19T16:22:34.331+0500][gc,cpu        ] GC(2) User=0.00s Sys=0.00s Real=0.00s
[2019-06-19T16:22:34.331+0500][gc,marking    ] GC(2) Concurrent Cleanup for Next Mark
[2019-06-19T16:22:34.335+0500][gc,marking    ] GC(2) Concurrent Cleanup for Next Mark 4.547ms
[2019-06-19T16:22:34.335+0500][gc            ] GC(2) Concurrent Cycle 14.023ms
[2019-06-19T16:22:58.285+0500][gc,start      ] GC(3) Pause Young (Normal) (G1 Evacuation Pause)
[2019-06-19T16:22:58.285+0500][gc,task       ] GC(3) Using 10 workers of 10 for evacuation
[2019-06-19T16:22:58.289+0500][gc,phases     ] GC(3)   Pre Evacuate Collection Set: 0.0ms
[2019-06-19T16:22:58.289+0500][gc,phases     ] GC(3)   Evacuate Collection Set: 3.0ms
[2019-06-19T16:22:58.289+0500][gc,phases     ] GC(3)   Post Evacuate Collection Set: 0.5ms
[2019-06-19T16:22:58.289+0500][gc,phases     ] GC(3)   Other: 0.2ms
[2019-06-19T16:22:58.289+0500][gc,heap       ] GC(3) Eden regions: 50->0(46)
[2019-06-19T16:22:58.289+0500][gc,heap       ] GC(3) Survivor regions: 1->5(7)
[2019-06-19T16:22:58.289+0500][gc,heap       ] GC(3) Old regions: 6->6
[2019-06-19T16:22:58.289+0500][gc,heap       ] GC(3) Archive regions: 2->2
[2019-06-19T16:22:58.289+0500][gc,heap       ] GC(3) Humongous regions: 129->129
[2019-06-19T16:22:58.289+0500][gc,metaspace  ] GC(3) Metaspace: 30147K->30147K(1077248K)
[2019-06-19T16:22:58.289+0500][gc            ] GC(3) Pause Young (Normal) (G1 Evacuation Pause) 186M->140M(1024M) 3.883ms
[2019-06-19T16:22:58.289+0500][gc,cpu        ] GC(3) User=0.03s Sys=0.00s Real=0.00s
[2019-06-19T16:35:08.928+0500][gc,start      ] GC(4) Pause Young (Normal) (G1 Evacuation Pause)
[2019-06-19T16:35:08.929+0500][gc,task       ] GC(4) Using 10 workers of 10 for evacuation
[2019-06-19T16:35:08.937+0500][gc,phases     ] GC(4)   Pre Evacuate Collection Set: 0.1ms
[2019-06-19T16:35:08.938+0500][gc,phases     ] GC(4)   Evacuate Collection Set: 7.6ms
[2019-06-19T16:35:08.938+0500][gc,phases     ] GC(4)   Post Evacuate Collection Set: 0.5ms
[2019-06-19T16:35:08.938+0500][gc,phases     ] GC(4)   Other: 1.2ms
[2019-06-19T16:35:08.938+0500][gc,heap       ] GC(4) Eden regions: 46->0(48)
[2019-06-19T16:35:08.938+0500][gc,heap       ] GC(4) Survivor regions: 5->3(7)
[2019-06-19T16:35:08.938+0500][gc,heap       ] GC(4) Old regions: 6->11
[2019-06-19T16:35:08.938+0500][gc,heap       ] GC(4) Archive regions: 2->2
[2019-06-19T16:35:08.938+0500][gc,heap       ] GC(4) Humongous regions: 129->129
[2019-06-19T16:35:08.938+0500][gc,metaspace  ] GC(4) Metaspace: 33060K->33060K(1079296K)
[2019-06-19T16:35:08.938+0500][gc            ] GC(4) Pause Young (Normal) (G1 Evacuation Pause) 186M->142M(1024M) 9.559ms
[2019-06-19T16:35:08.938+0500][gc,cpu        ] GC(4) User=0.06s Sys=0.01s Real=0.01s
[2019-06-19T16:51:14.889+0500][gc,start      ] GC(5) Pause Young (Normal) (G1 Evacuation Pause)
[2019-06-19T16:51:14.889+0500][gc,task       ] GC(5) Using 10 workers of 10 for evacuation
[2019-06-19T16:51:14.895+0500][gc,phases     ] GC(5)   Pre Evacuate Collection Set: 0.1ms
[2019-06-19T16:51:14.896+0500][gc,phases     ] GC(5)   Evacuate Collection Set: 4.4ms
[2019-06-19T16:51:14.896+0500][gc,phases     ] GC(5)   Post Evacuate Collection Set: 1.2ms
[2019-06-19T16:51:14.896+0500][gc,phases     ] GC(5)   Other: 0.5ms
[2019-06-19T16:51:14.896+0500][gc,heap       ] GC(5) Eden regions: 48->0(48)
[2019-06-19T16:51:14.896+0500][gc,heap       ] GC(5) Survivor regions: 3->3(7)
[2019-06-19T16:51:14.896+0500][gc,heap       ] GC(5) Old regions: 11->11
[2019-06-19T16:51:14.896+0500][gc,heap       ] GC(5) Archive regions: 2->2
[2019-06-19T16:51:14.896+0500][gc,heap       ] GC(5) Humongous regions: 129->129
[2019-06-19T16:51:14.896+0500][gc,metaspace  ] GC(5) Metaspace: 33248K->33248K(1079296K)
[2019-06-19T16:51:14.896+0500][gc            ] GC(5) Pause Young (Normal) (G1 Evacuation Pause) 190M->142M(1024M) 6.678ms
[2019-06-19T16:51:14.896+0500][gc,cpu        ] GC(5) User=0.02s Sys=0.00s Real=0.01s
[2019-06-19T17:08:13.562+0500][gc,start      ] GC(6) Pause Young (Normal) (G1 Evacuation Pause)
[2019-06-19T17:08:13.563+0500][gc,task       ] GC(6) Using 10 workers of 10 for evacuation
[2019-06-19T17:08:13.567+0500][gc,phases     ] GC(6)   Pre Evacuate Collection Set: 0.0ms
[2019-06-19T17:08:13.567+0500][gc,phases     ] GC(6)   Evacuate Collection Set: 3.3ms
[2019-06-19T17:08:13.567+0500][gc,phases     ] GC(6)   Post Evacuate Collection Set: 0.4ms
[2019-06-19T17:08:13.567+0500][gc,phases     ] GC(6)   Other: 1.1ms
[2019-06-19T17:08:13.567+0500][gc,heap       ] GC(6) Eden regions: 48->0(47)
[2019-06-19T17:08:13.567+0500][gc,heap       ] GC(6) Survivor regions: 3->4(7)
[2019-06-19T17:08:13.567+0500][gc,heap       ] GC(6) Old regions: 11->11
[2019-06-19T17:08:13.567+0500][gc,heap       ] GC(6) Archive regions: 2->2
[2019-06-19T17:08:13.567+0500][gc,heap       ] GC(6) Humongous regions: 129->129
[2019-06-19T17:08:13.567+0500][gc,metaspace  ] GC(6) Metaspace: 33347K->33347K(1079296K)
[2019-06-19T17:08:13.567+0500][gc            ] GC(6) Pause Young (Normal) (G1 Evacuation Pause) 190M->143M(1024M) 5.060ms
[2019-06-19T17:08:13.567+0500][gc,cpu        ] GC(6) User=0.03s Sys=0.00s Real=0.00s
[2019-06-19T17:24:49.999+0500][gc,start      ] GC(7) Pause Young (Normal) (G1 Evacuation Pause)
[2019-06-19T17:24:50.001+0500][gc,task       ] GC(7) Using 10 workers of 10 for evacuation
[2019-06-19T17:24:50.005+0500][gc,phases     ] GC(7)   Pre Evacuate Collection Set: 0.1ms
[2019-06-19T17:24:50.005+0500][gc,phases     ] GC(7)   Evacuate Collection Set: 3.2ms
[2019-06-19T17:24:50.005+0500][gc,phases     ] GC(7)   Post Evacuate Collection Set: 0.4ms
[2019-06-19T17:24:50.005+0500][gc,phases     ] GC(7)   Other: 2.1ms
[2019-06-19T17:24:50.005+0500][gc,heap       ] GC(7) Eden regions: 47->0(49)
[2019-06-19T17:24:50.005+0500][gc,heap       ] GC(7) Survivor regions: 4->4(7)
[2019-06-19T17:24:50.005+0500][gc,heap       ] GC(7) Old regions: 11->11
[2019-06-19T17:24:50.005+0500][gc,heap       ] GC(7) Archive regions: 2->2
[2019-06-19T17:24:50.005+0500][gc,heap       ] GC(7) Humongous regions: 129->129
[2019-06-19T17:24:50.005+0500][gc,metaspace  ] GC(7) Metaspace: 33482K->33482K(1079296K)
[2019-06-19T17:24:50.005+0500][gc            ] GC(7) Pause Young (Normal) (G1 Evacuation Pause) 190M->143M(1024M) 5.948ms
[2019-06-19T17:24:50.005+0500][gc,cpu        ] GC(7) User=0.03s Sys=0.00s Real=0.01s
[2019-06-19T17:43:21.092+0500][gc,start      ] GC(8) Pause Young (Normal) (G1 Evacuation Pause)
[2019-06-19T17:43:21.092+0500][gc,task       ] GC(8) Using 10 workers of 10 for evacuation
[2019-06-19T17:43:21.096+0500][gc,phases     ] GC(8)   Pre Evacuate Collection Set: 0.0ms
[2019-06-19T17:43:21.096+0500][gc,phases     ] GC(8)   Evacuate Collection Set: 3.3ms
[2019-06-19T17:43:21.096+0500][gc,phases     ] GC(8)   Post Evacuate Collection Set: 0.5ms
[2019-06-19T17:43:21.096+0500][gc,phases     ] GC(8)   Other: 1.2ms
[2019-06-19T17:43:21.097+0500][gc,heap       ] GC(8) Eden regions: 49->0(60)
[2019-06-19T17:43:21.097+0500][gc,heap       ] GC(8) Survivor regions: 4->4(7)
[2019-06-19T17:43:21.097+0500][gc,heap       ] GC(8) Old regions: 11->11
[2019-06-19T17:43:21.097+0500][gc,heap       ] GC(8) Archive regions: 2->2
[2019-06-19T17:43:21.097+0500][gc,heap       ] GC(8) Humongous regions: 129->129
[2019-06-19T17:43:21.097+0500][gc,metaspace  ] GC(8) Metaspace: 33541K->33541K(1079296K)
[2019-06-19T17:43:21.097+0500][gc            ] GC(8) Pause Young (Normal) (G1 Evacuation Pause) 192M->143M(1024M) 5.101ms
[2019-06-19T17:43:21.097+0500][gc,cpu        ] GC(8) User=0.03s Sys=0.00s Real=0.00s
[2019-06-19T18:08:25.161+0500][gc,start      ] GC(9) Pause Young (Normal) (G1 Evacuation Pause)
[2019-06-19T18:08:25.162+0500][gc,task       ] GC(9) Using 10 workers of 10 for evacuation
[2019-06-19T18:08:25.173+0500][gc,phases     ] GC(9)   Pre Evacuate Collection Set: 0.1ms
[2019-06-19T18:08:25.173+0500][gc,phases     ] GC(9)   Evacuate Collection Set: 8.4ms
[2019-06-19T18:08:25.173+0500][gc,phases     ] GC(9)   Post Evacuate Collection Set: 1.5ms
[2019-06-19T18:08:25.173+0500][gc,phases     ] GC(9)   Other: 1.8ms
[2019-06-19T18:08:25.173+0500][gc,heap       ] GC(9) Eden regions: 60->0(253)
[2019-06-19T18:08:25.173+0500][gc,heap       ] GC(9) Survivor regions: 4->4(8)
[2019-06-19T18:08:25.174+0500][gc,heap       ] GC(9) Old regions: 11->11
[2019-06-19T18:08:25.174+0500][gc,heap       ] GC(9) Archive regions: 2->2
[2019-06-19T18:08:25.174+0500][gc,heap       ] GC(9) Humongous regions: 129->129
[2019-06-19T18:08:25.174+0500][gc,metaspace  ] GC(9) Metaspace: 33658K->33658K(1079296K)
[2019-06-19T18:08:25.174+0500][gc            ] GC(9) Pause Young (Normal) (G1 Evacuation Pause) 203M->143M(1024M) 12.267ms
[2019-06-19T18:08:25.174+0500][gc,cpu        ] GC(9) User=0.05s Sys=0.01s Real=0.01s
[2019-06-19T18:27:04.477+0500][gc,start      ] GC(10) Pause Young (Concurrent Start) (Metadata GC Threshold)
[2019-06-19T18:27:04.477+0500][gc,task       ] GC(10) Using 10 workers of 10 for evacuation
[2019-06-19T18:27:04.482+0500][gc,phases     ] GC(10)   Pre Evacuate Collection Set: 0.1ms
[2019-06-19T18:27:04.482+0500][gc,phases     ] GC(10)   Evacuate Collection Set: 4.2ms
[2019-06-19T18:27:04.482+0500][gc,phases     ] GC(10)   Post Evacuate Collection Set: 0.5ms
[2019-06-19T18:27:04.482+0500][gc,phases     ] GC(10)   Other: 0.8ms
[2019-06-19T18:27:04.482+0500][gc,heap       ] GC(10) Eden regions: 49->0(169)
[2019-06-19T18:27:04.482+0500][gc,heap       ] GC(10) Survivor regions: 4->4(33)
[2019-06-19T18:27:04.482+0500][gc,heap       ] GC(10) Old regions: 11->11
[2019-06-19T18:27:04.482+0500][gc,heap       ] GC(10) Archive regions: 2->2
[2019-06-19T18:27:04.482+0500][gc,heap       ] GC(10) Humongous regions: 129->129
[2019-06-19T18:27:04.482+0500][gc,metaspace  ] GC(10) Metaspace: 33736K->33736K(1079296K)
[2019-06-19T18:27:04.482+0500][gc            ] GC(10) Pause Young (Concurrent Start) (Metadata GC Threshold) 191M->143M(1024M) 5.762ms
[2019-06-19T18:27:04.482+0500][gc,cpu        ] GC(10) User=0.02s Sys=0.01s Real=0.01s
[2019-06-19T18:27:04.483+0500][gc            ] GC(11) Concurrent Cycle
[2019-06-19T18:27:04.483+0500][gc,marking    ] GC(11) Concurrent Clear Claimed Marks
[2019-06-19T18:27:04.483+0500][gc,marking    ] GC(11) Concurrent Clear Claimed Marks 0.107ms
[2019-06-19T18:27:04.483+0500][gc,marking    ] GC(11) Concurrent Scan Root Regions
[2019-06-19T18:27:04.484+0500][gc,marking    ] GC(11) Concurrent Scan Root Regions 1.786ms
[2019-06-19T18:27:04.484+0500][gc,marking    ] GC(11) Concurrent Mark (7476.639s)
[2019-06-19T18:27:04.485+0500][gc,marking    ] GC(11) Concurrent Mark From Roots
[2019-06-19T18:27:04.485+0500][gc,task       ] GC(11) Using 3 workers of 3 for marking
[2019-06-19T18:27:04.494+0500][gc,marking    ] GC(11) Concurrent Mark From Roots 9.123ms
[2019-06-19T18:27:04.494+0500][gc,marking    ] GC(11) Concurrent Preclean
[2019-06-19T18:27:04.494+0500][gc,marking    ] GC(11) Concurrent Preclean 0.154ms
[2019-06-19T18:27:04.494+0500][gc,marking    ] GC(11) Concurrent Mark (7476.639s, 7476.648s) 9.349ms
[2019-06-19T18:27:04.494+0500][gc,start      ] GC(11) Pause Remark
[2019-06-19T18:27:04.506+0500][gc,stringtable] GC(11) Cleaned string table, strings: 8891 processed, 288 removed
[2019-06-19T18:27:04.506+0500][gc            ] GC(11) Pause Remark 143M->143M(1024M) 12.191ms
[2019-06-19T18:27:04.506+0500][gc,cpu        ] GC(11) User=0.02s Sys=0.03s Real=0.01s
[2019-06-19T18:27:04.506+0500][gc,marking    ] GC(11) Concurrent Rebuild Remembered Sets
[2019-06-19T18:27:04.510+0500][gc,marking    ] GC(11) Concurrent Rebuild Remembered Sets 3.639ms
[2019-06-19T18:27:04.510+0500][gc,start      ] GC(11) Pause Cleanup
[2019-06-19T18:27:04.510+0500][gc            ] GC(11) Pause Cleanup 143M->143M(1024M) 0.191ms
[2019-06-19T18:27:04.511+0500][gc,cpu        ] GC(11) User=0.00s Sys=0.00s Real=0.00s
[2019-06-19T18:27:04.511+0500][gc,marking    ] GC(11) Concurrent Cleanup for Next Mark
[2019-06-19T18:27:04.516+0500][gc,marking    ] GC(11) Concurrent Cleanup for Next Mark 4.991ms
[2019-06-19T18:27:04.516+0500][gc            ] GC(11) Concurrent Cycle 33.134ms
[2019-06-19T18:49:48.923+0500][gc,start      ] GC(12) Pause Young (Normal) (G1 Evacuation Pause)
[2019-06-19T18:49:48.923+0500][gc,task       ] GC(12) Using 10 workers of 10 for evacuation
[2019-06-19T18:49:48.926+0500][gc,phases     ] GC(12)   Pre Evacuate Collection Set: 0.0ms
[2019-06-19T18:49:48.926+0500][gc,phases     ] GC(12)   Evacuate Collection Set: 2.8ms
[2019-06-19T18:49:48.926+0500][gc,phases     ] GC(12)   Post Evacuate Collection Set: 0.4ms
[2019-06-19T18:49:48.926+0500][gc,phases     ] GC(12)   Other: 0.5ms
[2019-06-19T18:49:48.926+0500][gc,heap       ] GC(12) Eden regions: 47->0(163)
[2019-06-19T18:49:48.926+0500][gc,heap       ] GC(12) Survivor regions: 4->4(7)
[2019-06-19T18:49:48.926+0500][gc,heap       ] GC(12) Old regions: 11->11
[2019-06-19T18:49:48.926+0500][gc,heap       ] GC(12) Archive regions: 2->2
[2019-06-19T18:49:48.926+0500][gc,heap       ] GC(12) Humongous regions: 129->129
[2019-06-19T18:49:48.926+0500][gc,metaspace  ] GC(12) Metaspace: 33621K->33621K(1079296K)
[2019-06-19T18:49:48.926+0500][gc            ] GC(12) Pause Young (Normal) (G1 Evacuation Pause) 190M->143M(1024M) 3.903ms
[2019-06-19T18:49:48.927+0500][gc,cpu        ] GC(12) User=0.03s Sys=0.00s Real=0.00s
[2019-06-19T20:03:58.942+0500][gc,start      ] GC(13) Pause Young (Normal) (G1 Evacuation Pause)
[2019-06-19T20:03:58.943+0500][gc,task       ] GC(13) Using 10 workers of 10 for evacuation
[2019-06-19T20:03:58.947+0500][gc,phases     ] GC(13)   Pre Evacuate Collection Set: 0.0ms
[2019-06-19T20:03:58.947+0500][gc,phases     ] GC(13)   Evacuate Collection Set: 3.3ms
[2019-06-19T20:03:58.947+0500][gc,phases     ] GC(13)   Post Evacuate Collection Set: 0.5ms
[2019-06-19T20:03:58.947+0500][gc,phases     ] GC(13)   Other: 1.1ms
[2019-06-19T20:03:58.947+0500][gc,heap       ] GC(13) Eden regions: 163->0(219)
[2019-06-19T20:03:58.947+0500][gc,heap       ] GC(13) Survivor regions: 4->5(21)
[2019-06-19T20:03:58.947+0500][gc,heap       ] GC(13) Old regions: 11->11
[2019-06-19T20:03:58.947+0500][gc,heap       ] GC(13) Archive regions: 2->2
[2019-06-19T20:03:58.947+0500][gc,heap       ] GC(13) Humongous regions: 129->129
[2019-06-19T20:03:58.947+0500][gc,metaspace  ] GC(13) Metaspace: 33807K->33807K(1079296K)
[2019-06-19T20:03:58.947+0500][gc            ] GC(13) Pause Young (Normal) (G1 Evacuation Pause) 306M->144M(1024M) 5.011ms
[2019-06-19T20:03:58.947+0500][gc,cpu        ] GC(13) User=0.02s Sys=0.01s Real=0.00s
[2019-06-19T21:19:04.356+0500][gc,start      ] GC(14) Pause Young (Normal) (G1 Evacuation Pause)
[2019-06-19T21:19:04.358+0500][gc,task       ] GC(14) Using 10 workers of 10 for evacuation
[2019-06-19T21:19:04.364+0500][gc,phases     ] GC(14)   Pre Evacuate Collection Set: 0.0ms
[2019-06-19T21:19:04.364+0500][gc,phases     ] GC(14)   Evacuate Collection Set: 5.2ms
[2019-06-19T21:19:04.364+0500][gc,phases     ] GC(14)   Post Evacuate Collection Set: 0.6ms
[2019-06-19T21:19:04.364+0500][gc,phases     ] GC(14)   Other: 1.8ms
[2019-06-19T21:19:04.364+0500][gc,heap       ] GC(14) Eden regions: 219->0(610)
[2019-06-19T21:19:04.364+0500][gc,heap       ] GC(14) Survivor regions: 5->4(28)
[2019-06-19T21:19:04.364+0500][gc,heap       ] GC(14) Old regions: 11->11
[2019-06-19T21:19:04.364+0500][gc,heap       ] GC(14) Archive regions: 2->2
[2019-06-19T21:19:04.364+0500][gc,heap       ] GC(14) Humongous regions: 129->129
[2019-06-19T21:19:04.364+0500][gc,metaspace  ] GC(14) Metaspace: 33920K->33920K(1079296K)
[2019-06-19T21:19:04.364+0500][gc            ] GC(14) Pause Young (Normal) (G1 Evacuation Pause) 363M->143M(1024M) 7.815ms
[2019-06-19T21:19:04.364+0500][gc,cpu        ] GC(14) User=0.04s Sys=0.01s Real=0.01s
[2019-06-19T23:26:10.640+0500][gc,start      ] GC(15) Pause Young (Normal) (G1 Evacuation Pause)
[2019-06-19T23:26:10.640+0500][gc,task       ] GC(15) Using 10 workers of 10 for evacuation
[2019-06-19T23:26:10.648+0500][gc,phases     ] GC(15)   Pre Evacuate Collection Set: 0.8ms
[2019-06-19T23:26:10.651+0500][gc,phases     ] GC(15)   Evacuate Collection Set: 6.4ms
[2019-06-19T23:26:10.651+0500][gc,phases     ] GC(15)   Post Evacuate Collection Set: 0.8ms
[2019-06-19T23:26:10.651+0500][gc,phases     ] GC(15)   Other: 0.7ms
[2019-06-19T23:26:10.651+0500][gc,heap       ] GC(15) Eden regions: 288->0(365)
[2019-06-19T23:26:10.651+0500][gc,heap       ] GC(15) Survivor regions: 4->5(37)
[2019-06-19T23:26:10.651+0500][gc,heap       ] GC(15) Old regions: 11->11
[2019-06-19T23:26:10.652+0500][gc,heap       ] GC(15) Archive regions: 2->2
[2019-06-19T23:26:10.652+0500][gc,heap       ] GC(15) Humongous regions: 129->129
[2019-06-19T23:26:10.652+0500][gc,metaspace  ] GC(15) Metaspace: 34294K->34294K(1081344K)
[2019-06-19T23:26:10.652+0500][gc            ] GC(15) Pause Young (Normal) (G1 Evacuation Pause) 431M->144M(1024M) 12.557ms
[2019-06-19T23:26:10.652+0500][gc,cpu        ] GC(15) User=0.03s Sys=0.02s Real=0.01s
[2019-06-19T23:26:12.555+0500][gc,heap,exit  ] Heap
[2019-06-19T23:26:12.555+0500][gc,heap,exit  ]  garbage-first heap   total 1048576K, used 154197K [0x00000007c0000000, 0x0000000800000000)
[2019-06-19T23:26:12.555+0500][gc,heap,exit  ]   region size 1024K, 12 young (12288K), 5 survivors (5120K)
[2019-06-19T23:26:12.555+0500][gc,heap,exit  ]  Metaspace       used 34711K, capacity 36974K, committed 37168K, reserved 1081344K
[2019-06-19T23:26:12.555+0500][gc,heap,exit  ]   class space    used 4915K, capacity 5943K, committed 6016K, reserved 1048576K
