[2019-06-18T14:48:53.231+0500][gc,heap] Heap region size: 1M
[2019-06-18T14:48:53.241+0500][gc     ] Using G1
[2019-06-18T14:48:53.241+0500][gc,heap,coops] Heap address: 0x00000007c0000000, size: 1024 MB, Compressed Oops mode: Zero based, Oop shift amount: 3
[2019-06-18T14:48:53.241+0500][gc,cds       ] Mark closed archive regions in map: [0x00000007fff00000, 0x00000007fff6fff8]
[2019-06-18T14:48:53.241+0500][gc,cds       ] Mark open archive regions in map: [0x00000007ffe00000, 0x00000007ffe45ff8]
[2019-06-18T14:48:53.257+0500][gc           ] Periodic GC disabled
[2019-06-18T14:48:59.788+0500][gc,start     ] GC(0) Pause Young (Normal) (G1 Evacuation Pause)
[2019-06-18T14:48:59.789+0500][gc,task      ] GC(0) Using 10 workers of 10 for evacuation
[2019-06-18T14:48:59.797+0500][gc,phases    ] GC(0)   Pre Evacuate Collection Set: 0.0ms
[2019-06-18T14:48:59.798+0500][gc,phases    ] GC(0)   Evacuate Collection Set: 6.9ms
[2019-06-18T14:48:59.798+0500][gc,phases    ] GC(0)   Post Evacuate Collection Set: 0.6ms
[2019-06-18T14:48:59.798+0500][gc,phases    ] GC(0)   Other: 2.4ms
[2019-06-18T14:48:59.798+0500][gc,heap      ] GC(0) Eden regions: 51->0(45)
[2019-06-18T14:48:59.798+0500][gc,heap      ] GC(0) Survivor regions: 0->6(7)
[2019-06-18T14:48:59.798+0500][gc,heap      ] GC(0) Old regions: 0->0
[2019-06-18T14:48:59.798+0500][gc,heap      ] GC(0) Archive regions: 2->2
[2019-06-18T14:48:59.798+0500][gc,heap      ] GC(0) Humongous regions: 0->0
[2019-06-18T14:48:59.798+0500][gc,metaspace ] GC(0) Metaspace: 16970K->16970K(1064960K)
[2019-06-18T14:48:59.798+0500][gc           ] GC(0) Pause Young (Normal) (G1 Evacuation Pause) 51M->6M(1024M) 10.263ms
[2019-06-18T14:48:59.798+0500][gc,cpu       ] GC(0) User=0.02s Sys=0.01s Real=0.01s
[2019-06-18T14:49:00.537+0500][gc,start     ] GC(1) Pause Young (Concurrent Start) (Metadata GC Threshold)
[2019-06-18T14:49:00.537+0500][gc,task      ] GC(1) Using 10 workers of 10 for evacuation
[2019-06-18T14:49:00.544+0500][gc,phases    ] GC(1)   Pre Evacuate Collection Set: 0.0ms
[2019-06-18T14:49:00.544+0500][gc,phases    ] GC(1)   Evacuate Collection Set: 6.5ms
[2019-06-18T14:49:00.544+0500][gc,phases    ] GC(1)   Post Evacuate Collection Set: 0.3ms
[2019-06-18T14:49:00.544+0500][gc,phases    ] GC(1)   Other: 0.3ms
[2019-06-18T14:49:00.544+0500][gc,heap      ] GC(1) Eden regions: 17->0(49)
[2019-06-18T14:49:00.544+0500][gc,heap      ] GC(1) Survivor regions: 6->2(7)
[2019-06-18T14:49:00.544+0500][gc,heap      ] GC(1) Old regions: 0->6
[2019-06-18T14:49:00.544+0500][gc,heap      ] GC(1) Archive regions: 2->2
[2019-06-18T14:49:00.544+0500][gc,heap      ] GC(1) Humongous regions: 129->129
[2019-06-18T14:49:00.544+0500][gc,metaspace ] GC(1) Metaspace: 20598K->20598K(1067008K)
[2019-06-18T14:49:00.544+0500][gc           ] GC(1) Pause Young (Concurrent Start) (Metadata GC Threshold) 152M->136M(1024M) 7.304ms
[2019-06-18T14:49:00.544+0500][gc,cpu       ] GC(1) User=0.03s Sys=0.01s Real=0.01s
[2019-06-18T14:49:00.545+0500][gc           ] GC(2) Concurrent Cycle
[2019-06-18T14:49:00.545+0500][gc,marking   ] GC(2) Concurrent Clear Claimed Marks
[2019-06-18T14:49:00.545+0500][gc,marking   ] GC(2) Concurrent Clear Claimed Marks 0.049ms
[2019-06-18T14:49:00.545+0500][gc,marking   ] GC(2) Concurrent Scan Root Regions
[2019-06-18T14:49:00.547+0500][gc,marking   ] GC(2) Concurrent Scan Root Regions 2.225ms
[2019-06-18T14:49:00.548+0500][gc,marking   ] GC(2) Concurrent Mark (7.328s)
[2019-06-18T14:49:00.548+0500][gc,marking   ] GC(2) Concurrent Mark From Roots
[2019-06-18T14:49:00.548+0500][gc,task      ] GC(2) Using 3 workers of 3 for marking
[2019-06-18T14:49:00.550+0500][gc,marking   ] GC(2) Concurrent Mark From Roots 1.477ms
[2019-06-18T14:49:00.550+0500][gc,marking   ] GC(2) Concurrent Preclean
[2019-06-18T14:49:00.550+0500][gc,marking   ] GC(2) Concurrent Preclean 0.038ms
[2019-06-18T14:49:00.550+0500][gc,marking   ] GC(2) Concurrent Mark (7.328s, 7.331s) 2.142ms
[2019-06-18T14:49:00.550+0500][gc,start     ] GC(2) Pause Remark
[2019-06-18T14:49:00.550+0500][gc,stringtable] GC(2) Cleaned string table, strings: 4846 processed, 0 removed
[2019-06-18T14:49:00.551+0500][gc            ] GC(2) Pause Remark 137M->137M(1024M) 0.942ms
[2019-06-18T14:49:00.551+0500][gc,cpu        ] GC(2) User=0.00s Sys=0.00s Real=0.00s
[2019-06-18T14:49:00.551+0500][gc,marking    ] GC(2) Concurrent Rebuild Remembered Sets
[2019-06-18T14:49:00.553+0500][gc,marking    ] GC(2) Concurrent Rebuild Remembered Sets 1.792ms
[2019-06-18T14:49:00.553+0500][gc,start      ] GC(2) Pause Cleanup
[2019-06-18T14:49:00.553+0500][gc            ] GC(2) Pause Cleanup 137M->137M(1024M) 0.220ms
[2019-06-18T14:49:00.553+0500][gc,cpu        ] GC(2) User=0.00s Sys=0.00s Real=0.00s
[2019-06-18T14:49:00.553+0500][gc,marking    ] GC(2) Concurrent Cleanup for Next Mark
[2019-06-18T14:49:00.584+0500][gc,marking    ] GC(2) Concurrent Cleanup for Next Mark 30.574ms
[2019-06-18T14:49:00.584+0500][gc            ] GC(2) Concurrent Cycle 38.938ms
[2019-06-18T14:53:55.983+0500][gc,start      ] GC(3) Pause Young (Normal) (G1 Evacuation Pause)
[2019-06-18T14:53:55.984+0500][gc,task       ] GC(3) Using 10 workers of 10 for evacuation
[2019-06-18T14:53:55.988+0500][gc,phases     ] GC(3)   Pre Evacuate Collection Set: 0.0ms
[2019-06-18T14:53:55.988+0500][gc,phases     ] GC(3)   Evacuate Collection Set: 3.2ms
[2019-06-18T14:53:55.988+0500][gc,phases     ] GC(3)   Post Evacuate Collection Set: 0.5ms
[2019-06-18T14:53:55.988+0500][gc,phases     ] GC(3)   Other: 0.5ms
[2019-06-18T14:53:55.988+0500][gc,heap       ] GC(3) Eden regions: 49->0(46)
[2019-06-18T14:53:55.988+0500][gc,heap       ] GC(3) Survivor regions: 2->5(7)
[2019-06-18T14:53:55.988+0500][gc,heap       ] GC(3) Old regions: 6->6
[2019-06-18T14:53:55.988+0500][gc,heap       ] GC(3) Archive regions: 2->2
[2019-06-18T14:53:55.988+0500][gc,heap       ] GC(3) Humongous regions: 129->129
[2019-06-18T14:53:55.988+0500][gc,metaspace  ] GC(3) Metaspace: 30177K->30177K(1077248K)
[2019-06-18T14:53:55.988+0500][gc            ] GC(3) Pause Young (Normal) (G1 Evacuation Pause) 185M->140M(1024M) 4.419ms
[2019-06-18T14:53:55.988+0500][gc,cpu        ] GC(3) User=0.03s Sys=0.00s Real=0.00s
[2019-06-18T15:13:10.377+0500][gc,start      ] GC(4) Pause Young (Normal) (G1 Evacuation Pause)
[2019-06-18T15:13:10.378+0500][gc,task       ] GC(4) Using 10 workers of 10 for evacuation
[2019-06-18T15:13:10.384+0500][gc,phases     ] GC(4)   Pre Evacuate Collection Set: 0.0ms
[2019-06-18T15:13:10.385+0500][gc,phases     ] GC(4)   Evacuate Collection Set: 5.3ms
[2019-06-18T15:13:10.385+0500][gc,phases     ] GC(4)   Post Evacuate Collection Set: 0.4ms
[2019-06-18T15:13:10.385+0500][gc,phases     ] GC(4)   Other: 1.4ms
[2019-06-18T15:13:10.385+0500][gc,heap       ] GC(4) Eden regions: 46->0(48)
[2019-06-18T15:13:10.385+0500][gc,heap       ] GC(4) Survivor regions: 5->3(7)
[2019-06-18T15:13:10.385+0500][gc,heap       ] GC(4) Old regions: 6->11
[2019-06-18T15:13:10.385+0500][gc,heap       ] GC(4) Archive regions: 2->2
[2019-06-18T15:13:10.385+0500][gc,heap       ] GC(4) Humongous regions: 129->129
[2019-06-18T15:13:10.385+0500][gc,metaspace  ] GC(4) Metaspace: 33250K->33250K(1079296K)
[2019-06-18T15:13:10.385+0500][gc            ] GC(4) Pause Young (Normal) (G1 Evacuation Pause) 186M->142M(1024M) 7.331ms
[2019-06-18T15:13:10.385+0500][gc,cpu        ] GC(4) User=0.04s Sys=0.01s Real=0.01s
[2019-06-18T15:36:23.518+0500][gc,start      ] GC(5) Pause Young (Normal) (G1 Evacuation Pause)
[2019-06-18T15:36:23.518+0500][gc,task       ] GC(5) Using 10 workers of 10 for evacuation
[2019-06-18T15:36:23.520+0500][gc,phases     ] GC(5)   Pre Evacuate Collection Set: 0.0ms
[2019-06-18T15:36:23.520+0500][gc,phases     ] GC(5)   Evacuate Collection Set: 1.6ms
[2019-06-18T15:36:23.520+0500][gc,phases     ] GC(5)   Post Evacuate Collection Set: 0.4ms
[2019-06-18T15:36:23.520+0500][gc,phases     ] GC(5)   Other: 0.5ms
[2019-06-18T15:36:23.520+0500][gc,heap       ] GC(5) Eden regions: 48->0(48)
[2019-06-18T15:36:23.520+0500][gc,heap       ] GC(5) Survivor regions: 3->3(7)
[2019-06-18T15:36:23.520+0500][gc,heap       ] GC(5) Old regions: 11->11
[2019-06-18T15:36:23.520+0500][gc,heap       ] GC(5) Archive regions: 2->2
[2019-06-18T15:36:23.520+0500][gc,heap       ] GC(5) Humongous regions: 129->129
[2019-06-18T15:36:23.520+0500][gc,metaspace  ] GC(5) Metaspace: 33482K->33482K(1079296K)
[2019-06-18T15:36:23.520+0500][gc            ] GC(5) Pause Young (Normal) (G1 Evacuation Pause) 190M->142M(1024M) 2.707ms
[2019-06-18T15:36:23.520+0500][gc,cpu        ] GC(5) User=0.02s Sys=0.00s Real=0.01s
[2019-06-18T15:51:17.093+0500][gc,start      ] GC(6) Pause Young (Normal) (G1 Evacuation Pause)
[2019-06-18T15:51:17.093+0500][gc,task       ] GC(6) Using 10 workers of 10 for evacuation
[2019-06-18T15:51:17.096+0500][gc,phases     ] GC(6)   Pre Evacuate Collection Set: 0.0ms
[2019-06-18T15:51:17.101+0500][gc,phases     ] GC(6)   Evacuate Collection Set: 2.6ms
[2019-06-18T15:51:17.101+0500][gc,phases     ] GC(6)   Post Evacuate Collection Set: 0.5ms
[2019-06-18T15:51:17.101+0500][gc,phases     ] GC(6)   Other: 0.2ms
[2019-06-18T15:51:17.101+0500][gc,heap       ] GC(6) Eden regions: 48->0(48)
[2019-06-18T15:51:17.101+0500][gc,heap       ] GC(6) Survivor regions: 3->3(7)
[2019-06-18T15:51:17.101+0500][gc,heap       ] GC(6) Old regions: 11->11
[2019-06-18T15:51:17.101+0500][gc,heap       ] GC(6) Archive regions: 2->2
[2019-06-18T15:51:17.101+0500][gc,heap       ] GC(6) Humongous regions: 129->129
[2019-06-18T15:51:17.101+0500][gc,metaspace  ] GC(6) Metaspace: 33691K->33691K(1079296K)
[2019-06-18T15:51:17.101+0500][gc            ] GC(6) Pause Young (Normal) (G1 Evacuation Pause) 190M->142M(1024M) 8.517ms
[2019-06-18T15:51:17.101+0500][gc,cpu        ] GC(6) User=0.02s Sys=0.00s Real=0.01s
[2019-06-18T16:10:30.434+0500][gc,start      ] GC(7) Pause Young (Normal) (G1 Evacuation Pause)
[2019-06-18T16:10:30.435+0500][gc,task       ] GC(7) Using 10 workers of 10 for evacuation
[2019-06-18T16:10:30.437+0500][gc,phases     ] GC(7)   Pre Evacuate Collection Set: 0.0ms
[2019-06-18T16:10:30.437+0500][gc,phases     ] GC(7)   Evacuate Collection Set: 2.0ms
[2019-06-18T16:10:30.438+0500][gc,phases     ] GC(7)   Post Evacuate Collection Set: 0.3ms
[2019-06-18T16:10:30.438+0500][gc,phases     ] GC(7)   Other: 1.1ms
[2019-06-18T16:10:30.438+0500][gc,heap       ] GC(7) Eden regions: 48->0(47)
[2019-06-18T16:10:30.438+0500][gc,heap       ] GC(7) Survivor regions: 3->4(7)
[2019-06-18T16:10:30.438+0500][gc,heap       ] GC(7) Old regions: 11->11
[2019-06-18T16:10:30.438+0500][gc,heap       ] GC(7) Archive regions: 2->2
[2019-06-18T16:10:30.438+0500][gc,heap       ] GC(7) Humongous regions: 129->129
[2019-06-18T16:10:30.438+0500][gc,metaspace  ] GC(7) Metaspace: 33754K->33754K(1079296K)
[2019-06-18T16:10:30.438+0500][gc            ] GC(7) Pause Young (Normal) (G1 Evacuation Pause) 190M->143M(1024M) 3.527ms
[2019-06-18T16:10:30.438+0500][gc,cpu        ] GC(7) User=0.02s Sys=0.00s Real=0.00s
[2019-06-18T16:34:21.032+0500][gc,start      ] GC(8) Pause Young (Normal) (G1 Evacuation Pause)
[2019-06-18T16:34:21.033+0500][gc,task       ] GC(8) Using 10 workers of 10 for evacuation
[2019-06-18T16:34:21.036+0500][gc,phases     ] GC(8)   Pre Evacuate Collection Set: 0.0ms
[2019-06-18T16:34:21.036+0500][gc,phases     ] GC(8)   Evacuate Collection Set: 2.4ms
[2019-06-18T16:34:21.036+0500][gc,phases     ] GC(8)   Post Evacuate Collection Set: 0.5ms
[2019-06-18T16:34:21.036+0500][gc,phases     ] GC(8)   Other: 1.0ms
[2019-06-18T16:34:21.036+0500][gc,heap       ] GC(8) Eden regions: 47->0(53)
[2019-06-18T16:34:21.036+0500][gc,heap       ] GC(8) Survivor regions: 4->4(7)
[2019-06-18T16:34:21.036+0500][gc,heap       ] GC(8) Old regions: 11->11
[2019-06-18T16:34:21.036+0500][gc,heap       ] GC(8) Archive regions: 2->2
[2019-06-18T16:34:21.036+0500][gc,heap       ] GC(8) Humongous regions: 129->129
[2019-06-18T16:34:21.036+0500][gc,metaspace  ] GC(8) Metaspace: 33817K->33817K(1079296K)
[2019-06-18T16:34:21.036+0500][gc            ] GC(8) Pause Young (Normal) (G1 Evacuation Pause) 190M->143M(1024M) 4.094ms
[2019-06-18T16:34:21.036+0500][gc,cpu        ] GC(8) User=0.03s Sys=0.00s Real=0.00s
[2019-06-18T16:38:30.138+0500][gc,start      ] GC(9) Pause Young (Concurrent Start) (Metadata GC Threshold)
[2019-06-18T16:38:30.138+0500][gc,task       ] GC(9) Using 10 workers of 10 for evacuation
[2019-06-18T16:38:30.144+0500][gc,phases     ] GC(9)   Pre Evacuate Collection Set: 0.2ms
[2019-06-18T16:38:30.144+0500][gc,phases     ] GC(9)   Evacuate Collection Set: 3.9ms
[2019-06-18T16:38:30.144+0500][gc,phases     ] GC(9)   Post Evacuate Collection Set: 0.5ms
[2019-06-18T16:38:30.144+0500][gc,phases     ] GC(9)   Other: 1.0ms
[2019-06-18T16:38:30.144+0500][gc,heap       ] GC(9) Eden regions: 9->0(56)
[2019-06-18T16:38:30.144+0500][gc,heap       ] GC(9) Survivor regions: 4->4(8)
[2019-06-18T16:38:30.144+0500][gc,heap       ] GC(9) Old regions: 11->11
[2019-06-18T16:38:30.144+0500][gc,heap       ] GC(9) Archive regions: 2->2
[2019-06-18T16:38:30.144+0500][gc,heap       ] GC(9) Humongous regions: 129->129
[2019-06-18T16:38:30.144+0500][gc,metaspace  ] GC(9) Metaspace: 33832K->33832K(1079296K)
[2019-06-18T16:38:30.144+0500][gc            ] GC(9) Pause Young (Concurrent Start) (Metadata GC Threshold) 151M->143M(1024M) 5.794ms
[2019-06-18T16:38:30.144+0500][gc,cpu        ] GC(9) User=0.03s Sys=0.01s Real=0.01s
[2019-06-18T16:38:30.144+0500][gc            ] GC(10) Concurrent Cycle
[2019-06-18T16:38:30.144+0500][gc,marking    ] GC(10) Concurrent Clear Claimed Marks
[2019-06-18T16:38:30.144+0500][gc,marking    ] GC(10) Concurrent Clear Claimed Marks 0.345ms
[2019-06-18T16:38:30.144+0500][gc,marking    ] GC(10) Concurrent Scan Root Regions
[2019-06-18T16:38:30.146+0500][gc,marking    ] GC(10) Concurrent Scan Root Regions 2.133ms
[2019-06-18T16:38:30.146+0500][gc,marking    ] GC(10) Concurrent Mark (6576.898s)
[2019-06-18T16:38:30.147+0500][gc,marking    ] GC(10) Concurrent Mark From Roots
[2019-06-18T16:38:30.147+0500][gc,task       ] GC(10) Using 3 workers of 3 for marking
[2019-06-18T16:38:30.156+0500][gc,marking    ] GC(10) Concurrent Mark From Roots 9.363ms
[2019-06-18T16:38:30.156+0500][gc,marking    ] GC(10) Concurrent Preclean
[2019-06-18T16:38:30.156+0500][gc,marking    ] GC(10) Concurrent Preclean 0.183ms
[2019-06-18T16:38:30.156+0500][gc,marking    ] GC(10) Concurrent Mark (6576.898s, 6576.908s) 9.616ms
[2019-06-18T16:38:30.156+0500][gc,start      ] GC(10) Pause Remark
[2019-06-18T16:38:30.167+0500][gc,stringtable] GC(10) Cleaned string table, strings: 10613 processed, 290 removed
[2019-06-18T16:38:30.167+0500][gc            ] GC(10) Pause Remark 144M->144M(1024M) 10.631ms
[2019-06-18T16:38:30.167+0500][gc,cpu        ] GC(10) User=0.03s Sys=0.02s Real=0.01s
[2019-06-18T16:38:30.167+0500][gc,marking    ] GC(10) Concurrent Rebuild Remembered Sets
[2019-06-18T16:38:30.171+0500][gc,marking    ] GC(10) Concurrent Rebuild Remembered Sets 3.867ms
[2019-06-18T16:38:30.171+0500][gc,start      ] GC(10) Pause Cleanup
[2019-06-18T16:38:30.171+0500][gc            ] GC(10) Pause Cleanup 144M->144M(1024M) 0.151ms
[2019-06-18T16:38:30.171+0500][gc,cpu        ] GC(10) User=0.00s Sys=0.00s Real=0.00s
[2019-06-18T16:38:30.171+0500][gc,marking    ] GC(10) Concurrent Cleanup for Next Mark
[2019-06-18T16:38:30.176+0500][gc,marking    ] GC(10) Concurrent Cleanup for Next Mark 5.031ms
[2019-06-18T16:38:30.177+0500][gc            ] GC(10) Concurrent Cycle 32.643ms
[2019-06-18T17:01:46.033+0500][gc,start      ] GC(11) Pause Young (Normal) (G1 Evacuation Pause)
[2019-06-18T17:01:46.033+0500][gc,task       ] GC(11) Using 10 workers of 10 for evacuation
[2019-06-18T17:01:46.038+0500][gc,phases     ] GC(11)   Pre Evacuate Collection Set: 0.0ms
[2019-06-18T17:01:46.038+0500][gc,phases     ] GC(11)   Evacuate Collection Set: 4.0ms
[2019-06-18T17:01:46.038+0500][gc,phases     ] GC(11)   Post Evacuate Collection Set: 0.5ms
[2019-06-18T17:01:46.038+0500][gc,phases     ] GC(11)   Other: 0.3ms
[2019-06-18T17:01:46.038+0500][gc,heap       ] GC(11) Eden regions: 47->0(64)
[2019-06-18T17:01:46.038+0500][gc,heap       ] GC(11) Survivor regions: 4->4(7)
[2019-06-18T17:01:46.038+0500][gc,heap       ] GC(11) Old regions: 11->11
[2019-06-18T17:01:46.038+0500][gc,heap       ] GC(11) Archive regions: 2->2
[2019-06-18T17:01:46.038+0500][gc,heap       ] GC(11) Humongous regions: 129->129
[2019-06-18T17:01:46.038+0500][gc,metaspace  ] GC(11) Metaspace: 33805K->33805K(1079296K)
[2019-06-18T17:01:46.038+0500][gc            ] GC(11) Pause Young (Normal) (G1 Evacuation Pause) 190M->143M(1024M) 5.043ms
[2019-06-18T17:01:46.038+0500][gc,cpu        ] GC(11) User=0.04s Sys=0.00s Real=0.00s
[2019-06-18T17:37:58.019+0500][gc,start      ] GC(12) Pause Young (Normal) (G1 Evacuation Pause)
[2019-06-18T17:37:58.020+0500][gc,task       ] GC(12) Using 10 workers of 10 for evacuation
[2019-06-18T17:37:58.024+0500][gc,phases     ] GC(12)   Pre Evacuate Collection Set: 0.0ms
[2019-06-18T17:37:58.024+0500][gc,phases     ] GC(12)   Evacuate Collection Set: 3.3ms
[2019-06-18T17:37:58.024+0500][gc,phases     ] GC(12)   Post Evacuate Collection Set: 0.5ms
[2019-06-18T17:37:58.024+0500][gc,phases     ] GC(12)   Other: 1.1ms
[2019-06-18T17:37:58.024+0500][gc,heap       ] GC(12) Eden regions: 64->0(88)
[2019-06-18T17:37:58.024+0500][gc,heap       ] GC(12) Survivor regions: 4->4(9)
[2019-06-18T17:37:58.024+0500][gc,heap       ] GC(12) Old regions: 11->11
[2019-06-18T17:37:58.024+0500][gc,heap       ] GC(12) Archive regions: 2->2
[2019-06-18T17:37:58.024+0500][gc,heap       ] GC(12) Humongous regions: 129->129
[2019-06-18T17:37:58.024+0500][gc,metaspace  ] GC(12) Metaspace: 33898K->33898K(1079296K)
[2019-06-18T17:37:58.024+0500][gc            ] GC(12) Pause Young (Normal) (G1 Evacuation Pause) 207M->143M(1024M) 5.085ms
[2019-06-18T17:37:58.024+0500][gc,cpu        ] GC(12) User=0.02s Sys=0.00s Real=0.01s
[2019-06-18T18:07:36.045+0500][gc,start      ] GC(13) Pause Young (Normal) (G1 Evacuation Pause)
[2019-06-18T18:07:36.046+0500][gc,task       ] GC(13) Using 10 workers of 10 for evacuation
[2019-06-18T18:07:36.049+0500][gc,phases     ] GC(13)   Pre Evacuate Collection Set: 0.0ms
[2019-06-18T18:07:36.050+0500][gc,phases     ] GC(13)   Evacuate Collection Set: 2.7ms
[2019-06-18T18:07:36.050+0500][gc,phases     ] GC(13)   Post Evacuate Collection Set: 0.5ms
[2019-06-18T18:07:36.050+0500][gc,phases     ] GC(13)   Other: 1.0ms
[2019-06-18T18:07:36.050+0500][gc,heap       ] GC(13) Eden regions: 88->0(610)
[2019-06-18T18:07:36.050+0500][gc,heap       ] GC(13) Survivor regions: 4->4(12)
[2019-06-18T18:07:36.050+0500][gc,heap       ] GC(13) Old regions: 11->11
[2019-06-18T18:07:36.050+0500][gc,heap       ] GC(13) Archive regions: 2->2
[2019-06-18T18:07:36.050+0500][gc,heap       ] GC(13) Humongous regions: 129->129
[2019-06-18T18:07:36.050+0500][gc,metaspace  ] GC(13) Metaspace: 34030K->34030K(1079296K)
[2019-06-18T18:07:36.050+0500][gc            ] GC(13) Pause Young (Normal) (G1 Evacuation Pause) 231M->143M(1024M) 4.332ms
[2019-06-18T18:07:36.050+0500][gc,cpu        ] GC(13) User=0.02s Sys=0.00s Real=0.01s
[2019-06-18T20:19:58.475+0500][gc,start      ] GC(14) Pause Young (Normal) (G1 Evacuation Pause)
[2019-06-18T20:19:58.475+0500][gc,task       ] GC(14) Using 10 workers of 10 for evacuation
[2019-06-18T20:19:58.485+0500][gc,phases     ] GC(14)   Pre Evacuate Collection Set: 0.9ms
[2019-06-18T20:19:58.485+0500][gc,phases     ] GC(14)   Evacuate Collection Set: 8.8ms
[2019-06-18T20:19:58.485+0500][gc,phases     ] GC(14)   Post Evacuate Collection Set: 0.8ms
[2019-06-18T20:19:58.485+0500][gc,phases     ] GC(14)   Other: 0.3ms
[2019-06-18T20:19:58.485+0500][gc,heap       ] GC(14) Eden regions: 160->0(347)
[2019-06-18T20:19:58.485+0500][gc,heap       ] GC(14) Survivor regions: 4->5(21)
[2019-06-18T20:19:58.485+0500][gc,heap       ] GC(14) Old regions: 11->11
[2019-06-18T20:19:58.485+0500][gc,heap       ] GC(14) Archive regions: 2->2
[2019-06-18T20:19:58.485+0500][gc,heap       ] GC(14) Humongous regions: 129->129
[2019-06-18T20:19:58.485+0500][gc,metaspace  ] GC(14) Metaspace: 34454K->34454K(1081344K)
[2019-06-18T20:19:58.486+0500][gc            ] GC(14) Pause Young (Normal) (G1 Evacuation Pause) 303M->144M(1024M) 10.955ms
[2019-06-18T20:19:58.486+0500][gc,cpu        ] GC(14) User=0.03s Sys=0.04s Real=0.01s
[2019-06-18T20:20:01.077+0500][gc,heap,exit  ] Heap
[2019-06-18T20:20:01.077+0500][gc,heap,exit  ]  garbage-first heap   total 1048576K, used 152925K [0x00000007c0000000, 0x0000000800000000)
[2019-06-18T20:20:01.077+0500][gc,heap,exit  ]   region size 1024K, 11 young (11264K), 5 survivors (5120K)
[2019-06-18T20:20:01.077+0500][gc,heap,exit  ]  Metaspace       used 34866K, capacity 37126K, committed 37456K, reserved 1081344K
[2019-06-18T20:20:01.077+0500][gc,heap,exit  ]   class space    used 4933K, capacity 5954K, committed 6016K, reserved 1048576K
