[2019-06-18T20:20:31.506+0500][gc,heap] Heap region size: 1M
[2019-06-18T20:20:31.515+0500][gc     ] Using G1
[2019-06-18T20:20:31.515+0500][gc,heap,coops] Heap address: 0x00000007c0000000, size: 1024 MB, Compressed Oops mode: Zero based, Oop shift amount: 3
[2019-06-18T20:20:31.515+0500][gc,cds       ] Mark closed archive regions in map: [0x00000007fff00000, 0x00000007fff6fff8]
[2019-06-18T20:20:31.515+0500][gc,cds       ] Mark open archive regions in map: [0x00000007ffe00000, 0x00000007ffe45ff8]
[2019-06-18T20:20:31.530+0500][gc           ] Periodic GC disabled
[2019-06-18T20:20:37.654+0500][gc,start     ] GC(0) Pause Young (Normal) (G1 Evacuation Pause)
[2019-06-18T20:20:37.654+0500][gc,task      ] GC(0) Using 10 workers of 10 for evacuation
[2019-06-18T20:20:37.662+0500][gc,phases    ] GC(0)   Pre Evacuate Collection Set: 0.0ms
[2019-06-18T20:20:37.662+0500][gc,phases    ] GC(0)   Evacuate Collection Set: 7.7ms
[2019-06-18T20:20:37.662+0500][gc,phases    ] GC(0)   Post Evacuate Collection Set: 0.3ms
[2019-06-18T20:20:37.662+0500][gc,phases    ] GC(0)   Other: 0.6ms
[2019-06-18T20:20:37.662+0500][gc,heap      ] GC(0) Eden regions: 51->0(45)
[2019-06-18T20:20:37.663+0500][gc,heap      ] GC(0) Survivor regions: 0->6(7)
[2019-06-18T20:20:37.663+0500][gc,heap      ] GC(0) Old regions: 0->0
[2019-06-18T20:20:37.663+0500][gc,heap      ] GC(0) Archive regions: 2->2
[2019-06-18T20:20:37.663+0500][gc,heap      ] GC(0) Humongous regions: 0->0
[2019-06-18T20:20:37.663+0500][gc,metaspace ] GC(0) Metaspace: 16843K->16843K(1064960K)
[2019-06-18T20:20:37.663+0500][gc           ] GC(0) Pause Young (Normal) (G1 Evacuation Pause) 51M->6M(1024M) 8.804ms
[2019-06-18T20:20:37.663+0500][gc,cpu       ] GC(0) User=0.03s Sys=0.01s Real=0.01s
[2019-06-18T20:20:37.903+0500][gc,start     ] GC(1) Pause Young (Concurrent Start) (Metadata GC Threshold)
[2019-06-18T20:20:37.903+0500][gc,task      ] GC(1) Using 10 workers of 10 for evacuation
[2019-06-18T20:20:37.911+0500][gc,phases    ] GC(1)   Pre Evacuate Collection Set: 0.0ms
[2019-06-18T20:20:37.911+0500][gc,phases    ] GC(1)   Evacuate Collection Set: 7.4ms
[2019-06-18T20:20:37.911+0500][gc,phases    ] GC(1)   Post Evacuate Collection Set: 0.3ms
[2019-06-18T20:20:37.911+0500][gc,phases    ] GC(1)   Other: 0.3ms
[2019-06-18T20:20:37.911+0500][gc,heap      ] GC(1) Eden regions: 14->0(50)
[2019-06-18T20:20:37.911+0500][gc,heap      ] GC(1) Survivor regions: 6->1(7)
[2019-06-18T20:20:37.911+0500][gc,heap      ] GC(1) Old regions: 0->6
[2019-06-18T20:20:37.911+0500][gc,heap      ] GC(1) Archive regions: 2->2
[2019-06-18T20:20:37.911+0500][gc,heap      ] GC(1) Humongous regions: 0->0
[2019-06-18T20:20:37.911+0500][gc,metaspace ] GC(1) Metaspace: 20445K->20445K(1067008K)
[2019-06-18T20:20:37.911+0500][gc           ] GC(1) Pause Young (Concurrent Start) (Metadata GC Threshold) 20M->7M(1024M) 8.125ms
[2019-06-18T20:20:37.911+0500][gc,cpu       ] GC(1) User=0.03s Sys=0.00s Real=0.01s
[2019-06-18T20:20:37.911+0500][gc           ] GC(2) Concurrent Cycle
[2019-06-18T20:20:37.911+0500][gc,marking   ] GC(2) Concurrent Clear Claimed Marks
[2019-06-18T20:20:37.911+0500][gc,marking   ] GC(2) Concurrent Clear Claimed Marks 0.034ms
[2019-06-18T20:20:37.911+0500][gc,marking   ] GC(2) Concurrent Scan Root Regions
[2019-06-18T20:20:37.913+0500][gc,marking   ] GC(2) Concurrent Scan Root Regions 1.739ms
[2019-06-18T20:20:37.913+0500][gc,marking   ] GC(2) Concurrent Mark (6.415s)
[2019-06-18T20:20:37.913+0500][gc,marking   ] GC(2) Concurrent Mark From Roots
[2019-06-18T20:20:37.913+0500][gc,task      ] GC(2) Using 3 workers of 3 for marking
[2019-06-18T20:20:37.914+0500][gc,marking   ] GC(2) Concurrent Mark From Roots 1.031ms
[2019-06-18T20:20:37.914+0500][gc,marking   ] GC(2) Concurrent Preclean
[2019-06-18T20:20:37.914+0500][gc,marking   ] GC(2) Concurrent Preclean 0.042ms
[2019-06-18T20:20:37.914+0500][gc,marking   ] GC(2) Concurrent Mark (6.415s, 6.416s) 1.139ms
[2019-06-18T20:20:37.914+0500][gc,start     ] GC(2) Pause Remark
[2019-06-18T20:20:37.915+0500][gc,stringtable] GC(2) Cleaned string table, strings: 4653 processed, 0 removed
[2019-06-18T20:20:37.915+0500][gc            ] GC(2) Pause Remark 8M->8M(1024M) 0.803ms
[2019-06-18T20:20:37.915+0500][gc,cpu        ] GC(2) User=0.00s Sys=0.00s Real=0.00s
[2019-06-18T20:20:37.915+0500][gc,marking    ] GC(2) Concurrent Rebuild Remembered Sets
[2019-06-18T20:20:37.917+0500][gc,marking    ] GC(2) Concurrent Rebuild Remembered Sets 1.691ms
[2019-06-18T20:20:37.918+0500][gc,start      ] GC(2) Pause Cleanup
[2019-06-18T20:20:37.918+0500][gc            ] GC(2) Pause Cleanup 8M->8M(1024M) 0.160ms
[2019-06-18T20:20:37.918+0500][gc,cpu        ] GC(2) User=0.00s Sys=0.00s Real=0.00s
[2019-06-18T20:20:37.918+0500][gc,marking    ] GC(2) Concurrent Cleanup for Next Mark
[2019-06-18T20:20:37.925+0500][gc,marking    ] GC(2) Concurrent Cleanup for Next Mark 6.784ms
[2019-06-18T20:20:37.925+0500][gc            ] GC(2) Concurrent Cycle 13.180ms
[2019-06-18T20:20:52.835+0500][gc,start      ] GC(3) Pause Young (Normal) (G1 Evacuation Pause)
[2019-06-18T20:20:52.835+0500][gc,task       ] GC(3) Using 10 workers of 10 for evacuation
[2019-06-18T20:20:52.838+0500][gc,phases     ] GC(3)   Pre Evacuate Collection Set: 0.0ms
[2019-06-18T20:20:52.838+0500][gc,phases     ] GC(3)   Evacuate Collection Set: 2.4ms
[2019-06-18T20:20:52.838+0500][gc,phases     ] GC(3)   Post Evacuate Collection Set: 0.3ms
[2019-06-18T20:20:52.838+0500][gc,phases     ] GC(3)   Other: 0.1ms
[2019-06-18T20:20:52.838+0500][gc,heap       ] GC(3) Eden regions: 50->0(46)
[2019-06-18T20:20:52.838+0500][gc,heap       ] GC(3) Survivor regions: 1->5(7)
[2019-06-18T20:20:52.838+0500][gc,heap       ] GC(3) Old regions: 6->6
[2019-06-18T20:20:52.838+0500][gc,heap       ] GC(3) Archive regions: 2->2
[2019-06-18T20:20:52.838+0500][gc,heap       ] GC(3) Humongous regions: 129->129
[2019-06-18T20:20:52.838+0500][gc,metaspace  ] GC(3) Metaspace: 30237K->30237K(1077248K)
[2019-06-18T20:20:52.838+0500][gc            ] GC(3) Pause Young (Normal) (G1 Evacuation Pause) 186M->140M(1024M) 3.047ms
[2019-06-18T20:20:52.838+0500][gc,cpu        ] GC(3) User=0.02s Sys=0.00s Real=0.00s
[2019-06-18T20:23:22.127+0500][gc,heap,exit  ] Heap
[2019-06-18T20:23:22.128+0500][gc,heap,exit  ]  garbage-first heap   total 1048576K, used 162922K [0x00000007c0000000, 0x0000000800000000)
[2019-06-18T20:23:22.128+0500][gc,heap,exit  ]   region size 1024K, 26 young (26624K), 5 survivors (5120K)
[2019-06-18T20:23:22.128+0500][gc,heap,exit  ]  Metaspace       used 32860K, capacity 35025K, committed 35120K, reserved 1079296K
[2019-06-18T20:23:22.128+0500][gc,heap,exit  ]   class space    used 4916K, capacity 5973K, committed 6016K, reserved 1048576K
