[2019-06-18T14:48:35.241+0500][gc,heap] Heap region size: 1M
[2019-06-18T14:48:35.245+0500][gc     ] Using G1
[2019-06-18T14:48:35.245+0500][gc,heap,coops] Heap address: 0x00000007e0000000, size: 512 MB, Compressed Oops mode: Zero based, Oop shift amount: 3
[2019-06-18T14:48:35.246+0500][gc,cds       ] Mark closed archive regions in map: [0x00000007fff00000, 0x00000007fff6fff8]
[2019-06-18T14:48:35.246+0500][gc,cds       ] Mark open archive regions in map: [0x00000007ffe00000, 0x00000007ffe45ff8]
[2019-06-18T14:48:35.262+0500][gc           ] Periodic GC disabled
[2019-06-18T15:37:09.915+0500][gc,start     ] GC(0) Pause Young (Normal) (G1 Evacuation Pause)
[2019-06-18T15:37:09.918+0500][gc,task      ] GC(0) Using 10 workers of 10 for evacuation
[2019-06-18T15:37:09.941+0500][gc,mmu       ] GC(0) MMU target violated: 21.0ms (20.0ms/21.0ms)
[2019-06-18T15:37:09.941+0500][gc,phases    ] GC(0)   Pre Evacuate Collection Set: 0.7ms
[2019-06-18T15:37:09.941+0500][gc,phases    ] GC(0)   Evacuate Collection Set: 21.8ms
[2019-06-18T15:37:09.941+0500][gc,phases    ] GC(0)   Post Evacuate Collection Set: 0.3ms
[2019-06-18T15:37:09.941+0500][gc,phases    ] GC(0)   Other: 3.0ms
[2019-06-18T15:37:09.941+0500][gc,heap      ] GC(0) Eden regions: 25->0(21)
[2019-06-18T15:37:09.941+0500][gc,heap      ] GC(0) Survivor regions: 0->4(4)
[2019-06-18T15:37:09.941+0500][gc,heap      ] GC(0) Old regions: 0->1
[2019-06-18T15:37:09.941+0500][gc,heap      ] GC(0) Archive regions: 2->2
[2019-06-18T15:37:09.941+0500][gc,heap      ] GC(0) Humongous regions: 0->0
[2019-06-18T15:37:09.941+0500][gc,metaspace ] GC(0) Metaspace: 7508K->7508K(1056768K)
[2019-06-18T15:37:09.941+0500][gc           ] GC(0) Pause Young (Normal) (G1 Evacuation Pause) 25M->5M(512M) 25.789ms
[2019-06-18T15:37:09.941+0500][gc,cpu       ] GC(0) User=0.03s Sys=0.09s Real=0.03s
[2019-06-18T17:32:05.650+0500][gc,start     ] GC(1) Pause Young (Normal) (G1 Evacuation Pause)
[2019-06-18T17:32:05.651+0500][gc,task      ] GC(1) Using 10 workers of 10 for evacuation
[2019-06-18T17:32:05.666+0500][gc,phases    ] GC(1)   Pre Evacuate Collection Set: 0.1ms
[2019-06-18T17:32:05.667+0500][gc,phases    ] GC(1)   Evacuate Collection Set: 14.8ms
[2019-06-18T17:32:05.667+0500][gc,phases    ] GC(1)   Post Evacuate Collection Set: 0.3ms
[2019-06-18T17:32:05.667+0500][gc,phases    ] GC(1)   Other: 1.5ms
[2019-06-18T17:32:05.667+0500][gc,heap      ] GC(1) Eden regions: 21->0(24)
[2019-06-18T17:32:05.667+0500][gc,heap      ] GC(1) Survivor regions: 4->1(4)
[2019-06-18T17:32:05.667+0500][gc,heap      ] GC(1) Old regions: 1->5
[2019-06-18T17:32:05.667+0500][gc,heap      ] GC(1) Archive regions: 2->2
[2019-06-18T17:32:05.667+0500][gc,heap      ] GC(1) Humongous regions: 0->0
[2019-06-18T17:32:05.667+0500][gc,metaspace ] GC(1) Metaspace: 7563K->7563K(1056768K)
[2019-06-18T17:32:05.667+0500][gc           ] GC(1) Pause Young (Normal) (G1 Evacuation Pause) 26M->5M(512M) 16.791ms
[2019-06-18T17:32:05.667+0500][gc,cpu       ] GC(1) User=0.03s Sys=0.05s Real=0.01s
[2019-06-18T20:18:05.613+0500][gc,heap,exit ] Heap
[2019-06-18T20:18:05.614+0500][gc,heap,exit ]  garbage-first heap   total 524288K, used 28649K [0x00000007e0000000, 0x0000000800000000)
[2019-06-18T20:18:05.614+0500][gc,heap,exit ]   region size 1024K, 24 young (24576K), 1 survivors (1024K)
[2019-06-18T20:18:05.614+0500][gc,heap,exit ]  Metaspace       used 7568K, capacity 7912K, committed 8192K, reserved 1056768K
[2019-06-18T20:18:05.614+0500][gc,heap,exit ]   class space    used 816K, capacity 935K, committed 1024K, reserved 1048576K
