[2019-06-18T20:18:40.849+0500][gc,heap] Heap region size: 1M
[2019-06-18T20:18:40.854+0500][gc     ] Using G1
[2019-06-18T20:18:40.854+0500][gc,heap,coops] Heap address: 0x00000007e0000000, size: 512 MB, Compressed Oops mode: Zero based, Oop shift amount: 3
[2019-06-18T20:18:40.855+0500][gc,cds       ] Mark closed archive regions in map: [0x00000007fff00000, 0x00000007fff6fff8]
[2019-06-18T20:18:40.855+0500][gc,cds       ] Mark open archive regions in map: [0x00000007ffe00000, 0x00000007ffe45ff8]
[2019-06-18T20:18:40.870+0500][gc           ] Periodic GC disabled
[2019-06-18T20:18:46.329+0500][gc,start     ] GC(0) Pause Young (Normal) (G1 Evacuation Pause)
[2019-06-18T20:18:46.329+0500][gc,task      ] GC(0) Using 10 workers of 10 for evacuation
[2019-06-18T20:18:46.337+0500][gc,phases    ] GC(0)   Pre Evacuate Collection Set: 0.0ms
[2019-06-18T20:18:46.337+0500][gc,phases    ] GC(0)   Evacuate Collection Set: 7.4ms
[2019-06-18T20:18:46.337+0500][gc,phases    ] GC(0)   Post Evacuate Collection Set: 0.2ms
[2019-06-18T20:18:46.337+0500][gc,phases    ] GC(0)   Other: 0.6ms
[2019-06-18T20:18:46.337+0500][gc,heap      ] GC(0) Eden regions: 25->0(21)
[2019-06-18T20:18:46.337+0500][gc,heap      ] GC(0) Survivor regions: 0->4(4)
[2019-06-18T20:18:46.337+0500][gc,heap      ] GC(0) Old regions: 0->1
[2019-06-18T20:18:46.337+0500][gc,heap      ] GC(0) Archive regions: 2->2
[2019-06-18T20:18:46.337+0500][gc,heap      ] GC(0) Humongous regions: 0->0
[2019-06-18T20:18:46.337+0500][gc,metaspace ] GC(0) Metaspace: 6702K->6702K(1056768K)
[2019-06-18T20:18:46.337+0500][gc           ] GC(0) Pause Young (Normal) (G1 Evacuation Pause) 25M->5M(512M) 8.347ms
[2019-06-18T20:18:46.337+0500][gc,cpu       ] GC(0) User=0.03s Sys=0.01s Real=0.01s
[2019-06-18T20:23:21.958+0500][gc,heap,exit ] Heap
[2019-06-18T20:23:21.959+0500][gc,heap,exit ]  garbage-first heap   total 524288K, used 10619K [0x00000007e0000000, 0x0000000800000000)
[2019-06-18T20:23:21.959+0500][gc,heap,exit ]   region size 1024K, 10 young (10240K), 4 survivors (4096K)
[2019-06-18T20:23:21.959+0500][gc,heap,exit ]  Metaspace       used 7398K, capacity 7720K, committed 7936K, reserved 1056768K
[2019-06-18T20:23:21.959+0500][gc,heap,exit ]   class space    used 817K, capacity 935K, committed 1024K, reserved 1048576K
