[2019-06-18T20:23:27.399+0500][gc,heap] Heap region size: 1M
[2019-06-18T20:23:27.404+0500][gc     ] Using G1
[2019-06-18T20:23:27.404+0500][gc,heap,coops] Heap address: 0x00000007e0000000, size: 512 MB, Compressed Oops mode: Zero based, Oop shift amount: 3
[2019-06-18T20:23:27.404+0500][gc,cds       ] Mark closed archive regions in map: [0x00000007fff00000, 0x00000007fff6fff8]
[2019-06-18T20:23:27.404+0500][gc,cds       ] Mark open archive regions in map: [0x00000007ffe00000, 0x00000007ffe45ff8]
[2019-06-18T20:23:27.420+0500][gc           ] Periodic GC disabled
[2019-06-18T20:23:32.872+0500][gc,start     ] GC(0) Pause Young (Normal) (G1 Evacuation Pause)
[2019-06-18T20:23:32.873+0500][gc,task      ] GC(0) Using 10 workers of 10 for evacuation
[2019-06-18T20:23:32.881+0500][gc,phases    ] GC(0)   Pre Evacuate Collection Set: 0.0ms
[2019-06-18T20:23:32.881+0500][gc,phases    ] GC(0)   Evacuate Collection Set: 7.8ms
[2019-06-18T20:23:32.881+0500][gc,phases    ] GC(0)   Post Evacuate Collection Set: 0.3ms
[2019-06-18T20:23:32.881+0500][gc,phases    ] GC(0)   Other: 0.6ms
[2019-06-18T20:23:32.881+0500][gc,heap      ] GC(0) Eden regions: 25->0(21)
[2019-06-18T20:23:32.881+0500][gc,heap      ] GC(0) Survivor regions: 0->4(4)
[2019-06-18T20:23:32.881+0500][gc,heap      ] GC(0) Old regions: 0->1
[2019-06-18T20:23:32.881+0500][gc,heap      ] GC(0) Archive regions: 2->2
[2019-06-18T20:23:32.881+0500][gc,heap      ] GC(0) Humongous regions: 0->0
[2019-06-18T20:23:32.881+0500][gc,metaspace ] GC(0) Metaspace: 6697K->6697K(1056768K)
[2019-06-18T20:23:32.881+0500][gc           ] GC(0) Pause Young (Normal) (G1 Evacuation Pause) 25M->5M(512M) 9.080ms
[2019-06-18T20:23:32.881+0500][gc,cpu       ] GC(0) User=0.04s Sys=0.01s Real=0.01s
[2019-06-18T21:48:07.837+0500][gc,start     ] GC(1) Pause Young (Normal) (G1 Evacuation Pause)
[2019-06-18T21:48:07.838+0500][gc,task      ] GC(1) Using 10 workers of 10 for evacuation
[2019-06-18T21:48:07.842+0500][gc,phases    ] GC(1)   Pre Evacuate Collection Set: 0.0ms
[2019-06-18T21:48:07.842+0500][gc,phases    ] GC(1)   Evacuate Collection Set: 3.8ms
[2019-06-18T21:48:07.842+0500][gc,phases    ] GC(1)   Post Evacuate Collection Set: 0.2ms
[2019-06-18T21:48:07.842+0500][gc,phases    ] GC(1)   Other: 0.5ms
[2019-06-18T21:48:07.842+0500][gc,heap      ] GC(1) Eden regions: 21->0(24)
[2019-06-18T21:48:07.842+0500][gc,heap      ] GC(1) Survivor regions: 4->1(4)
[2019-06-18T21:48:07.842+0500][gc,heap      ] GC(1) Old regions: 1->5
[2019-06-18T21:48:07.842+0500][gc,heap      ] GC(1) Archive regions: 2->2
[2019-06-18T21:48:07.842+0500][gc,heap      ] GC(1) Humongous regions: 0->0
[2019-06-18T21:48:07.842+0500][gc,metaspace ] GC(1) Metaspace: 7567K->7567K(1056768K)
[2019-06-18T21:48:07.842+0500][gc           ] GC(1) Pause Young (Normal) (G1 Evacuation Pause) 26M->6M(512M) 4.699ms
[2019-06-18T21:48:07.842+0500][gc,cpu       ] GC(1) User=0.03s Sys=0.01s Real=0.01s
[2019-06-18T23:50:05.416+0500][gc,start     ] GC(2) Pause Young (Normal) (G1 Evacuation Pause)
[2019-06-18T23:50:05.417+0500][gc,task      ] GC(2) Using 10 workers of 10 for evacuation
[2019-06-18T23:50:05.421+0500][gc,phases    ] GC(2)   Pre Evacuate Collection Set: 0.5ms
[2019-06-18T23:50:05.421+0500][gc,phases    ] GC(2)   Evacuate Collection Set: 2.4ms
[2019-06-18T23:50:05.421+0500][gc,phases    ] GC(2)   Post Evacuate Collection Set: 0.3ms
[2019-06-18T23:50:05.421+0500][gc,phases    ] GC(2)   Other: 1.6ms
[2019-06-18T23:50:05.421+0500][gc,heap      ] GC(2) Eden regions: 24->0(24)
[2019-06-18T23:50:05.421+0500][gc,heap      ] GC(2) Survivor regions: 1->1(4)
[2019-06-18T23:50:05.421+0500][gc,heap      ] GC(2) Old regions: 5->5
[2019-06-18T23:50:05.421+0500][gc,heap      ] GC(2) Archive regions: 2->2
[2019-06-18T23:50:05.421+0500][gc,heap      ] GC(2) Humongous regions: 0->0
[2019-06-18T23:50:05.421+0500][gc,metaspace ] GC(2) Metaspace: 7569K->7569K(1056768K)
[2019-06-18T23:50:05.421+0500][gc           ] GC(2) Pause Young (Normal) (G1 Evacuation Pause) 30M->5M(512M) 4.889ms
[2019-06-18T23:50:05.421+0500][gc,cpu       ] GC(2) User=0.00s Sys=0.02s Real=0.01s
[2019-06-19T08:59:25.801+0500][gc,heap,exit ] Heap
[2019-06-19T08:59:25.816+0500][gc,heap,exit ]  garbage-first heap   total 524288K, used 15334K [0x00000007e0000000, 0x0000000800000000)
[2019-06-19T08:59:25.816+0500][gc,heap,exit ]   region size 1024K, 11 young (11264K), 1 survivors (1024K)
[2019-06-19T08:59:25.817+0500][gc,heap,exit ]  Metaspace       used 7616K, capacity 7916K, committed 8192K, reserved 1056768K
[2019-06-19T08:59:25.817+0500][gc,heap,exit ]   class space    used 816K, capacity 935K, committed 1024K, reserved 1048576K
