[2019-06-19T16:22:24.125+0500][gc,heap] Heap region size: 1M
[2019-06-19T16:22:24.130+0500][gc     ] Using G1
[2019-06-19T16:22:24.130+0500][gc,heap,coops] Heap address: 0x00000007e0000000, size: 512 MB, Compressed Oops mode: Zero based, Oop shift amount: 3
[2019-06-19T16:22:24.130+0500][gc,cds       ] Mark closed archive regions in map: [0x00000007fff00000, 0x00000007fff6fff8]
[2019-06-19T16:22:24.130+0500][gc,cds       ] Mark open archive regions in map: [0x00000007ffe00000, 0x00000007ffe45ff8]
[2019-06-19T16:22:24.146+0500][gc           ] Periodic GC disabled
[2019-06-19T16:22:29.663+0500][gc,start     ] GC(0) Pause Young (Normal) (G1 Evacuation Pause)
[2019-06-19T16:22:29.664+0500][gc,task      ] GC(0) Using 10 workers of 10 for evacuation
[2019-06-19T16:22:29.673+0500][gc,phases    ] GC(0)   Pre Evacuate Collection Set: 0.0ms
[2019-06-19T16:22:29.673+0500][gc,phases    ] GC(0)   Evacuate Collection Set: 8.4ms
[2019-06-19T16:22:29.673+0500][gc,phases    ] GC(0)   Post Evacuate Collection Set: 0.3ms
[2019-06-19T16:22:29.673+0500][gc,phases    ] GC(0)   Other: 0.8ms
[2019-06-19T16:22:29.673+0500][gc,heap      ] GC(0) Eden regions: 25->0(21)
[2019-06-19T16:22:29.673+0500][gc,heap      ] GC(0) Survivor regions: 0->4(4)
[2019-06-19T16:22:29.673+0500][gc,heap      ] GC(0) Old regions: 0->1
[2019-06-19T16:22:29.673+0500][gc,heap      ] GC(0) Archive regions: 2->2
[2019-06-19T16:22:29.673+0500][gc,heap      ] GC(0) Humongous regions: 0->0
[2019-06-19T16:22:29.673+0500][gc,metaspace ] GC(0) Metaspace: 6712K->6712K(1056768K)
[2019-06-19T16:22:29.673+0500][gc           ] GC(0) Pause Young (Normal) (G1 Evacuation Pause) 25M->5M(512M) 9.632ms
[2019-06-19T16:22:29.673+0500][gc,cpu       ] GC(0) User=0.04s Sys=0.01s Real=0.01s
[2019-06-19T16:40:32.795+0500][gc,start     ] GC(1) Pause Young (Normal) (G1 Evacuation Pause)
[2019-06-19T16:40:32.796+0500][gc,task      ] GC(1) Using 10 workers of 10 for evacuation
[2019-06-19T16:40:32.800+0500][gc,phases    ] GC(1)   Pre Evacuate Collection Set: 0.0ms
[2019-06-19T16:40:32.800+0500][gc,phases    ] GC(1)   Evacuate Collection Set: 3.6ms
[2019-06-19T16:40:32.800+0500][gc,phases    ] GC(1)   Post Evacuate Collection Set: 0.3ms
[2019-06-19T16:40:32.800+0500][gc,phases    ] GC(1)   Other: 1.0ms
[2019-06-19T16:40:32.800+0500][gc,heap      ] GC(1) Eden regions: 21->0(24)
[2019-06-19T16:40:32.800+0500][gc,heap      ] GC(1) Survivor regions: 4->1(4)
[2019-06-19T16:40:32.800+0500][gc,heap      ] GC(1) Old regions: 1->5
[2019-06-19T16:40:32.800+0500][gc,heap      ] GC(1) Archive regions: 2->2
[2019-06-19T16:40:32.800+0500][gc,heap      ] GC(1) Humongous regions: 0->0
[2019-06-19T16:40:32.800+0500][gc,metaspace ] GC(1) Metaspace: 7601K->7601K(1056768K)
[2019-06-19T16:40:32.800+0500][gc           ] GC(1) Pause Young (Normal) (G1 Evacuation Pause) 26M->5M(512M) 5.095ms
[2019-06-19T16:40:32.800+0500][gc,cpu       ] GC(1) User=0.02s Sys=0.01s Real=0.01s
[2019-06-19T18:21:55.849+0500][gc,start     ] GC(2) Pause Young (Normal) (G1 Evacuation Pause)
[2019-06-19T18:21:55.850+0500][gc,task      ] GC(2) Using 10 workers of 10 for evacuation
[2019-06-19T18:21:55.852+0500][gc,phases    ] GC(2)   Pre Evacuate Collection Set: 0.0ms
[2019-06-19T18:21:55.852+0500][gc,phases    ] GC(2)   Evacuate Collection Set: 1.4ms
[2019-06-19T18:21:55.852+0500][gc,phases    ] GC(2)   Post Evacuate Collection Set: 0.3ms
[2019-06-19T18:21:55.852+0500][gc,phases    ] GC(2)   Other: 1.0ms
[2019-06-19T18:21:55.852+0500][gc,heap      ] GC(2) Eden regions: 24->0(24)
[2019-06-19T18:21:55.852+0500][gc,heap      ] GC(2) Survivor regions: 1->1(4)
[2019-06-19T18:21:55.852+0500][gc,heap      ] GC(2) Old regions: 5->5
[2019-06-19T18:21:55.852+0500][gc,heap      ] GC(2) Archive regions: 2->2
[2019-06-19T18:21:55.852+0500][gc,heap      ] GC(2) Humongous regions: 0->0
[2019-06-19T18:21:55.852+0500][gc,metaspace ] GC(2) Metaspace: 7602K->7602K(1056768K)
[2019-06-19T18:21:55.852+0500][gc           ] GC(2) Pause Young (Normal) (G1 Evacuation Pause) 29M->5M(512M) 2.797ms
[2019-06-19T18:21:55.852+0500][gc,cpu       ] GC(2) User=0.01s Sys=0.00s Real=0.01s
[2019-06-19T20:21:39.604+0500][gc,start     ] GC(3) Pause Young (Normal) (G1 Evacuation Pause)
[2019-06-19T20:21:39.605+0500][gc,task      ] GC(3) Using 10 workers of 10 for evacuation
[2019-06-19T20:21:39.607+0500][gc,phases    ] GC(3)   Pre Evacuate Collection Set: 0.8ms
[2019-06-19T20:21:39.608+0500][gc,phases    ] GC(3)   Evacuate Collection Set: 1.0ms
[2019-06-19T20:21:39.608+0500][gc,phases    ] GC(3)   Post Evacuate Collection Set: 0.3ms
[2019-06-19T20:21:39.608+0500][gc,phases    ] GC(3)   Other: 1.7ms
[2019-06-19T20:21:39.608+0500][gc,heap      ] GC(3) Eden regions: 24->0(24)
[2019-06-19T20:21:39.608+0500][gc,heap      ] GC(3) Survivor regions: 1->1(4)
[2019-06-19T20:21:39.608+0500][gc,heap      ] GC(3) Old regions: 5->5
[2019-06-19T20:21:39.608+0500][gc,heap      ] GC(3) Archive regions: 2->2
[2019-06-19T20:21:39.608+0500][gc,heap      ] GC(3) Humongous regions: 0->0
[2019-06-19T20:21:39.608+0500][gc,metaspace ] GC(3) Metaspace: 7604K->7604K(1056768K)
[2019-06-19T20:21:39.608+0500][gc           ] GC(3) Pause Young (Normal) (G1 Evacuation Pause) 29M->5M(512M) 3.924ms
[2019-06-19T20:21:39.608+0500][gc,cpu       ] GC(3) User=0.00s Sys=0.00s Real=0.00s
[2019-06-19T22:08:00.463+0500][gc,start     ] GC(4) Pause Young (Normal) (G1 Evacuation Pause)
[2019-06-19T22:08:00.463+0500][gc,task      ] GC(4) Using 10 workers of 10 for evacuation
[2019-06-19T22:08:00.465+0500][gc,phases    ] GC(4)   Pre Evacuate Collection Set: 0.0ms
[2019-06-19T22:08:00.465+0500][gc,phases    ] GC(4)   Evacuate Collection Set: 0.9ms
[2019-06-19T22:08:00.465+0500][gc,phases    ] GC(4)   Post Evacuate Collection Set: 0.2ms
[2019-06-19T22:08:00.465+0500][gc,phases    ] GC(4)   Other: 1.0ms
[2019-06-19T22:08:00.465+0500][gc,heap      ] GC(4) Eden regions: 24->0(28)
[2019-06-19T22:08:00.465+0500][gc,heap      ] GC(4) Survivor regions: 1->1(4)
[2019-06-19T22:08:00.465+0500][gc,heap      ] GC(4) Old regions: 5->5
[2019-06-19T22:08:00.465+0500][gc,heap      ] GC(4) Archive regions: 2->2
[2019-06-19T22:08:00.465+0500][gc,heap      ] GC(4) Humongous regions: 0->0
[2019-06-19T22:08:00.465+0500][gc,metaspace ] GC(4) Metaspace: 7604K->7604K(1056768K)
[2019-06-19T22:08:00.465+0500][gc           ] GC(4) Pause Young (Normal) (G1 Evacuation Pause) 29M->5M(512M) 2.311ms
[2019-06-19T22:08:00.465+0500][gc,cpu       ] GC(4) User=0.01s Sys=0.00s Real=0.00s
[2019-06-19T23:26:10.635+0500][gc,heap,exit ] Heap
[2019-06-19T23:26:10.635+0500][gc,heap,exit ]  garbage-first heap   total 524288K, used 22266K [0x00000007e0000000, 0x0000000800000000)
[2019-06-19T23:26:10.636+0500][gc,heap,exit ]   region size 1024K, 18 young (18432K), 1 survivors (1024K)
[2019-06-19T23:26:10.636+0500][gc,heap,exit ]  Metaspace       used 7624K, capacity 7912K, committed 8192K, reserved 1056768K
[2019-06-19T23:26:10.636+0500][gc,heap,exit ]   class space    used 817K, capacity 935K, committed 1024K, reserved 1048576K
