[2019-06-18T14:48:27.683+0500][gc,heap] Heap region size: 1M
[2019-06-18T14:48:27.688+0500][gc     ] Using G1
[2019-06-18T14:48:27.688+0500][gc,heap,coops] Heap address: 0x00000007e0000000, size: 512 MB, Compressed Oops mode: Zero based, Oop shift amount: 3
[2019-06-18T14:48:27.688+0500][gc,cds       ] Mark closed archive regions in map: [0x00000007fff00000, 0x00000007fff6fff8]
[2019-06-18T14:48:27.689+0500][gc,cds       ] Mark open archive regions in map: [0x00000007ffe00000, 0x00000007ffe45ff8]
[2019-06-18T14:48:27.705+0500][gc           ] Periodic GC disabled
[2019-06-18T14:48:33.501+0500][gc,heap,exit ] Heap
[2019-06-18T14:48:33.501+0500][gc,heap,exit ]  garbage-first heap   total 524288K, used 19160K [0x00000007e0000000, 0x0000000800000000)
[2019-06-18T14:48:33.501+0500][gc,heap,exit ]   region size 1024K, 19 young (19456K), 0 survivors (0K)
[2019-06-18T14:48:33.501+0500][gc,heap,exit ]  Metaspace       used 6538K, capacity 6824K, committed 7040K, reserved 1056768K
[2019-06-18T14:48:33.501+0500][gc,heap,exit ]   class space    used 753K, capacity 871K, committed 896K, reserved 1048576K
