[2019-06-17T23:11:08.920+0500][gc,heap] Heap region size: 1M
[2019-06-17T23:11:08.925+0500][gc     ] Using G1
[2019-06-17T23:11:08.925+0500][gc,heap,coops] Heap address: 0x00000007e0000000, size: 512 MB, Compressed Oops mode: Zero based, Oop shift amount: 3
[2019-06-17T23:11:08.925+0500][gc,cds       ] Mark closed archive regions in map: [0x00000007fff00000, 0x00000007fff6fff8]
[2019-06-17T23:11:08.925+0500][gc,cds       ] Mark open archive regions in map: [0x00000007ffe00000, 0x00000007ffe45ff8]
[2019-06-17T23:11:08.941+0500][gc           ] Periodic GC disabled
[2019-06-17T23:21:32.761+0500][gc,start     ] GC(0) Pause Young (Normal) (G1 Evacuation Pause)
[2019-06-17T23:21:32.762+0500][gc,task      ] GC(0) Using 10 workers of 10 for evacuation
[2019-06-17T23:21:32.789+0500][gc,mmu       ] GC(0) MMU target violated: 21.0ms (20.0ms/21.0ms)
[2019-06-17T23:21:32.790+0500][gc,phases    ] GC(0)   Pre Evacuate Collection Set: 0.5ms
[2019-06-17T23:21:32.790+0500][gc,phases    ] GC(0)   Evacuate Collection Set: 25.9ms
[2019-06-17T23:21:32.790+0500][gc,phases    ] GC(0)   Post Evacuate Collection Set: 0.4ms
[2019-06-17T23:21:32.790+0500][gc,phases    ] GC(0)   Other: 1.4ms
[2019-06-17T23:21:32.790+0500][gc,heap      ] GC(0) Eden regions: 25->0(21)
[2019-06-17T23:21:32.790+0500][gc,heap      ] GC(0) Survivor regions: 0->4(4)
[2019-06-17T23:21:32.790+0500][gc,heap      ] GC(0) Old regions: 0->1
[2019-06-17T23:21:32.790+0500][gc,heap      ] GC(0) Archive regions: 2->2
[2019-06-17T23:21:32.790+0500][gc,heap      ] GC(0) Humongous regions: 0->0
[2019-06-17T23:21:32.790+0500][gc,metaspace ] GC(0) Metaspace: 7446K->7446K(1056768K)
[2019-06-17T23:21:32.790+0500][gc           ] GC(0) Pause Young (Normal) (G1 Evacuation Pause) 25M->5M(512M) 28.397ms
[2019-06-17T23:21:32.790+0500][gc,cpu       ] GC(0) User=0.04s Sys=0.10s Real=0.03s
[2019-06-17T23:33:08.507+0500][gc,heap,exit ] Heap
[2019-06-17T23:33:08.507+0500][gc,heap,exit ]  garbage-first heap   total 524288K, used 8656K [0x00000007e0000000, 0x0000000800000000)
[2019-06-17T23:33:08.514+0500][gc,heap,exit ]   region size 1024K, 8 young (8192K), 4 survivors (4096K)
[2019-06-17T23:33:08.514+0500][gc,heap,exit ]  Metaspace       used 7541K, capacity 7848K, committed 8192K, reserved 1056768K
[2019-06-17T23:33:08.514+0500][gc,heap,exit ]   class space    used 816K, capacity 935K, committed 1024K, reserved 1048576K
